Archive member included to satisfy reference by file (symbol)

c:/dev/tools/gcc-arm-none-eabi-10.3-2021.10/bin/../lib/gcc/arm-none-eabi/10.3.1/../../../../arm-none-eabi/lib/thumb/v7e-m/nofp\libc_nano.a(lib_a-errno.o)
                              ./Core/Src/syscalls.o (__errno)
c:/dev/tools/gcc-arm-none-eabi-10.3-2021.10/bin/../lib/gcc/arm-none-eabi/10.3.1/../../../../arm-none-eabi/lib/thumb/v7e-m/nofp\libc_nano.a(lib_a-exit.o)
                              c:/dev/tools/gcc-arm-none-eabi-10.3-2021.10/bin/../lib/gcc/arm-none-eabi/10.3.1/../../../../arm-none-eabi/lib/thumb/v7e-m/nofp/crt0.o (exit)
c:/dev/tools/gcc-arm-none-eabi-10.3-2021.10/bin/../lib/gcc/arm-none-eabi/10.3.1/../../../../arm-none-eabi/lib/thumb/v7e-m/nofp\libc_nano.a(lib_a-impure.o)
                              c:/dev/tools/gcc-arm-none-eabi-10.3-2021.10/bin/../lib/gcc/arm-none-eabi/10.3.1/../../../../arm-none-eabi/lib/thumb/v7e-m/nofp\libc_nano.a(lib_a-exit.o) (_global_impure_ptr)
c:/dev/tools/gcc-arm-none-eabi-10.3-2021.10/bin/../lib/gcc/arm-none-eabi/10.3.1/../../../../arm-none-eabi/lib/thumb/v7e-m/nofp\libc_nano.a(lib_a-init.o)
                              c:/dev/tools/gcc-arm-none-eabi-10.3-2021.10/bin/../lib/gcc/arm-none-eabi/10.3.1/../../../../arm-none-eabi/lib/thumb/v7e-m/nofp/crt0.o (__libc_init_array)
c:/dev/tools/gcc-arm-none-eabi-10.3-2021.10/bin/../lib/gcc/arm-none-eabi/10.3.1/../../../../arm-none-eabi/lib/thumb/v7e-m/nofp\libc_nano.a(lib_a-memset.o)
                              c:/dev/tools/gcc-arm-none-eabi-10.3-2021.10/bin/../lib/gcc/arm-none-eabi/10.3.1/../../../../arm-none-eabi/lib/thumb/v7e-m/nofp/crt0.o (memset)
c:/dev/tools/gcc-arm-none-eabi-10.3-2021.10/bin/../lib/gcc/arm-none-eabi/10.3.1/../../../../arm-none-eabi/lib/thumb/v7e-m/nofp\libc_nano.a(lib_a-nano-vfprintf_float.o)
                              (_printf_float)
c:/dev/tools/gcc-arm-none-eabi-10.3-2021.10/bin/../lib/gcc/arm-none-eabi/10.3.1/../../../../arm-none-eabi/lib/thumb/v7e-m/nofp\libc_nano.a(lib_a-nano-vfprintf_i.o)
                              c:/dev/tools/gcc-arm-none-eabi-10.3-2021.10/bin/../lib/gcc/arm-none-eabi/10.3.1/../../../../arm-none-eabi/lib/thumb/v7e-m/nofp\libc_nano.a(lib_a-nano-vfprintf_float.o) (_printf_common)
c:/dev/tools/gcc-arm-none-eabi-10.3-2021.10/bin/../lib/gcc/arm-none-eabi/10.3.1/../../../../arm-none-eabi/lib/thumb/v7e-m/nofp\libc_nano.a(lib_a-nano-vfscanf_float.o)
                              (_scanf_float)
c:/dev/tools/gcc-arm-none-eabi-10.3-2021.10/bin/../lib/gcc/arm-none-eabi/10.3.1/../../../../arm-none-eabi/lib/thumb/v7e-m/nofp\libc_nano.a(lib_a-sf_nan.o)
                              c:/dev/tools/gcc-arm-none-eabi-10.3-2021.10/bin/../lib/gcc/arm-none-eabi/10.3.1/../../../../arm-none-eabi/lib/thumb/v7e-m/nofp\libc_nano.a(lib_a-nano-vfscanf_float.o) (nanf)
c:/dev/tools/gcc-arm-none-eabi-10.3-2021.10/bin/../lib/gcc/arm-none-eabi/10.3.1/../../../../arm-none-eabi/lib/thumb/v7e-m/nofp\libc_nano.a(lib_a-sprintf.o)
                              c:/dev/tools/gcc-arm-none-eabi-10.3-2021.10/bin/../lib/gcc/arm-none-eabi/10.3.1/../../../../arm-none-eabi/lib/thumb/v7e-m/nofp\libc_nano.a(lib_a-nano-vfscanf_float.o) (sprintf)
c:/dev/tools/gcc-arm-none-eabi-10.3-2021.10/bin/../lib/gcc/arm-none-eabi/10.3.1/../../../../arm-none-eabi/lib/thumb/v7e-m/nofp\libc_nano.a(lib_a-strlen.o)
                              c:/dev/tools/gcc-arm-none-eabi-10.3-2021.10/bin/../lib/gcc/arm-none-eabi/10.3.1/../../../../arm-none-eabi/lib/thumb/v7e-m/nofp\libc_nano.a(lib_a-nano-vfprintf_float.o) (strlen)
c:/dev/tools/gcc-arm-none-eabi-10.3-2021.10/bin/../lib/gcc/arm-none-eabi/10.3.1/../../../../arm-none-eabi/lib/thumb/v7e-m/nofp\libc_nano.a(lib_a-strtod.o)
                              c:/dev/tools/gcc-arm-none-eabi-10.3-2021.10/bin/../lib/gcc/arm-none-eabi/10.3.1/../../../../arm-none-eabi/lib/thumb/v7e-m/nofp\libc_nano.a(lib_a-nano-vfscanf_float.o) (_strtod_r)
c:/dev/tools/gcc-arm-none-eabi-10.3-2021.10/bin/../lib/gcc/arm-none-eabi/10.3.1/../../../../arm-none-eabi/lib/thumb/v7e-m/nofp\libc_nano.a(lib_a-strtol.o)
                              c:/dev/tools/gcc-arm-none-eabi-10.3-2021.10/bin/../lib/gcc/arm-none-eabi/10.3.1/../../../../arm-none-eabi/lib/thumb/v7e-m/nofp\libc_nano.a(lib_a-nano-vfscanf_float.o) (_strtol_r)
c:/dev/tools/gcc-arm-none-eabi-10.3-2021.10/bin/../lib/gcc/arm-none-eabi/10.3.1/../../../../arm-none-eabi/lib/thumb/v7e-m/nofp\libc_nano.a(lib_a-ctype_.o)
                              c:/dev/tools/gcc-arm-none-eabi-10.3-2021.10/bin/../lib/gcc/arm-none-eabi/10.3.1/../../../../arm-none-eabi/lib/thumb/v7e-m/nofp\libc_nano.a(lib_a-strtol.o) (_ctype_)
c:/dev/tools/gcc-arm-none-eabi-10.3-2021.10/bin/../lib/gcc/arm-none-eabi/10.3.1/../../../../arm-none-eabi/lib/thumb/v7e-m/nofp\libc_nano.a(lib_a-dtoa.o)
                              c:/dev/tools/gcc-arm-none-eabi-10.3-2021.10/bin/../lib/gcc/arm-none-eabi/10.3.1/../../../../arm-none-eabi/lib/thumb/v7e-m/nofp\libc_nano.a(lib_a-nano-vfprintf_float.o) (_dtoa_r)
[...]
Memory Configuration

Name             Origin             Length             Attributes
RAM              0x20000000         0x00080000         xrw
FLASH            0x08000000         0x00200000         xr
*default*        0x00000000         0xffffffff

Linker script and memory map

LOAD c:/dev/tools/gcc-arm-none-eabi-10.3-2021.10/bin/../lib/gcc/arm-none-eabi/10.3.1/thumb/v7e-m/nofp/crti.o
LOAD c:/dev/tools/gcc-arm-none-eabi-10.3-2021.10/bin/../lib/gcc/arm-none-eabi/10.3.1/thumb/v7e-m/nofp/crtbegin.o
LOAD c:/dev/tools/gcc-arm-none-eabi-10.3-2021.10/bin/../lib/gcc/arm-none-eabi/10.3.1/../../../../arm-none-eabi/lib/thumb/v7e-m/nofp/crt0.o
LOAD ./Core/Src/main.o
LOAD ./Core/Src/eth.o
LOAD ./Core/Src/gpio.o
LOAD ./Core/Src/stm32f7xx_hal_msp.o
LOAD ./Core/Src/stm32f7xx_it.o
LOAD ./Core/Src/syscalls.o
LOAD ./Core/Src/sysmem.o
LOAD ./Core/Src/system_stm32f7xx.o
LOAD ./Core/Src/usart.o
LOAD ./Core/Src/usb_otg.o
LOAD ./Core/Startup/startup_stm32f767zitx.o
LOAD ./Drivers/STM32F7xx_HAL_Driver/stm32f7xx_hal.o
LOAD ./Drivers/STM32F7xx_HAL_Driver/stm32f7xx_hal_cortex.o
LOAD ./Drivers/STM32F7xx_HAL_Driver/stm32f7xx_hal_dma.o
LOAD ./Drivers/STM32F7xx_HAL_Driver/stm32f7xx_hal_dma_ex.o
LOAD ./Drivers/STM32F7xx_HAL_Driver/stm32f7xx_hal_eth.o
LOAD ./Drivers/STM32F7xx_HAL_Driver/stm32f7xx_hal_exti.o
LOAD ./Drivers/STM32F7xx_HAL_Driver/stm32f7xx_hal_flash.o
LOAD ./Drivers/STM32F7xx_HAL_Driver/stm32f7xx_hal_flash_ex.o
LOAD ./Drivers/STM32F7xx_HAL_Driver/stm32f7xx_hal_gpio.o
LOAD ./Drivers/STM32F7xx_HAL_Driver/stm32f7xx_hal_i2c.o
LOAD ./Drivers/STM32F7xx_HAL_Driver/stm32f7xx_hal_i2c_ex.o
LOAD ./Drivers/STM32F7xx_HAL_Driver/stm32f7xx_hal_pcd.o
LOAD ./Drivers/STM32F7xx_HAL_Driver/stm32f7xx_hal_pcd_ex.o
LOAD ./Drivers/STM32F7xx_HAL_Driver/stm32f7xx_hal_pwr.o
LOAD ./Drivers/STM32F7xx_HAL_Driver/stm32f7xx_hal_pwr_ex.o
LOAD ./Drivers/STM32F7xx_HAL_Driver/stm32f7xx_hal_rcc.o
LOAD ./Drivers/STM32F7xx_HAL_Driver/stm32f7xx_hal_rcc_ex.o
LOAD ./Drivers/STM32F7xx_HAL_Driver/stm32f7xx_hal_tim.o
LOAD ./Drivers/STM32F7xx_HAL_Driver/stm32f7xx_hal_tim_ex.o
LOAD ./Drivers/STM32F7xx_HAL_Driver/stm32f7xx_hal_uart.o
LOAD ./Drivers/STM32F7xx_HAL_Driver/stm32f7xx_hal_uart_ex.o
LOAD ./Drivers/STM32F7xx_HAL_Driver/stm32f7xx_ll_usb.o
START GROUP
LOAD c:/dev/tools/gcc-arm-none-eabi-10.3-2021.10/bin/../lib/gcc/arm-none-eabi/10.3.1/../../../../arm-none-eabi/lib/thumb/v7e-m/nofp\libc_nano.a
LOAD c:/dev/tools/gcc-arm-none-eabi-10.3-2021.10/bin/../lib/gcc/arm-none-eabi/10.3.1/../../../../arm-none-eabi/lib/thumb/v7e-m/nofp\libm.a
END GROUP
START GROUP
LOAD c:/dev/tools/gcc-arm-none-eabi-10.3-2021.10/bin/../lib/gcc/arm-none-eabi/10.3.1/thumb/v7e-m/nofp\libgcc.a
LOAD c:/dev/tools/gcc-arm-none-eabi-10.3-2021.10/bin/../lib/gcc/arm-none-eabi/10.3.1/../../../../arm-none-eabi/lib/thumb/v7e-m/nofp\libc_nano.a
END GROUP
START GROUP
LOAD c:/dev/tools/gcc-arm-none-eabi-10.3-2021.10/bin/../lib/gcc/arm-none-eabi/10.3.1/thumb/v7e-m/nofp\libgcc.a
LOAD c:/dev/tools/gcc-arm-none-eabi-10.3-2021.10/bin/../lib/gcc/arm-none-eabi/10.3.1/../../../../arm-none-eabi/lib/thumb/v7e-m/nofp\libc_nano.a
LOAD c:/dev/tools/gcc-arm-none-eabi-10.3-2021.10/bin/../lib/gcc/arm-none-eabi/10.3.1/../../../../arm-none-eabi/lib/thumb/v7e-m/nofp\libnosys.a
END GROUP
START GROUP
LOAD c:/dev/tools/gcc-arm-none-eabi-10.3-2021.10/bin/../lib/gcc/arm-none-eabi/10.3.1/thumb/v7e-m/nofp\libgcc.a
LOAD c:/dev/tools/gcc-arm-none-eabi-10.3-2021.10/bin/../lib/gcc/arm-none-eabi/10.3.1/../../../../arm-none-eabi/lib/thumb/v7e-m/nofp\libc_nano.a
LOAD c:/dev/tools/gcc-arm-none-eabi-10.3-2021.10/bin/../lib/gcc/arm-none-eabi/10.3.1/../../../../arm-none-eabi/lib/thumb/v7e-m/nofp\libnosys.a
END GROUP
LOAD c:/dev/tools/gcc-arm-none-eabi-10.3-2021.10/bin/../lib/gcc/arm-none-eabi/10.3.1/thumb/v7e-m/nofp/crtend.o
LOAD c:/dev/tools/gcc-arm-none-eabi-10.3-2021.10/bin/../lib/gcc/arm-none-eabi/10.3.1/thumb/v7e-m/nofp/crtn.o
                0x20080000                _estack = (ORIGIN (RAM) + LENGTH (RAM))
                0x00000200                _Min_Heap_Size = 0x200
                0x00000400                _Min_Stack_Size = 0x400

.isr_vector     0x08000000      0x1f8
                0x08000000                . = ALIGN (0x4)
 *(.isr_vector)
 .isr_vector    0x08000000      0x1f8 ./Core/Startup/startup_stm32f767zitx.o
                0x08000000                g_pfnVectors
                0x080001f8                . = ALIGN (0x4)

.text           0x08000200     0x782c
                0x08000200                . = ALIGN (0x4)
 *(.text)
 .text          0x08000200       0x40 c:/dev/tools/gcc-arm-none-eabi-10.3-2021.10/bin/../lib/gcc/arm-none-eabi/10.3.1/thumb/v7e-m/nofp/crtbegin.o
 .text          0x08000240       0x10 c:/dev/tools/gcc-arm-none-eabi-10.3-2021.10/bin/../lib/gcc/arm-none-eabi/10.3.1/../../../../arm-none-eabi/lib/thumb/v7e-m/nofp\libc_nano.a(lib_a-strlen.o)
                0x08000240                strlen
 .text          0x08000250       0xa0 c:/dev/tools/gcc-arm-none-eabi-10.3-2021.10/bin/../lib/gcc/arm-none-eabi/10.3.1/../../../../arm-none-eabi/lib/thumb/v7e-m/nofp\libc_nano.a(lib_a-memchr.o)
                0x08000250                memchr
 .text          0x080002f0      0x378 c:/dev/tools/gcc-arm-none-eabi-10.3-2021.10/bin/../lib/gcc/arm-none-eabi/10.3.1/thumb/v7e-m/nofp\libgcc.a(_arm_addsubdf3.o)
                0x080002f0                __aeabi_drsub
                0x080002f8                __aeabi_dsub
                0x080002f8                __subdf3
                0x080002fc                __aeabi_dadd
                0x080002fc                __adddf3
                0x08000574                __floatunsidf
                0x08000574                __aeabi_ui2d
                0x08000594                __floatsidf
                0x08000594                __aeabi_i2d
                0x080005b8                __aeabi_f2d
                0x080005b8                __extendsfdf2
                0x080005fc                __floatundidf
                0x080005fc                __aeabi_ul2d
                0x0800060c                __floatdidf
                0x0800060c                __aeabi_l2d
 .text          0x08000668      0x424 c:/dev/tools/gcc-arm-none-eabi-10.3-2021.10/bin/../lib/gcc/arm-none-eabi/10.3.1/thumb/v7e-m/nofp\libgcc.a(_arm_muldivdf3.o)
                0x08000668                __aeabi_dmul
                0x08000668                __muldf3
                0x080008bc                __divdf3
                0x080008bc                __aeabi_ddiv
 .text          0x08000a8c      0x110 c:/dev/tools/gcc-arm-none-eabi-10.3-2021.10/bin/../lib/gcc/arm-none-eabi/10.3.1/thumb/v7e-m/nofp\libgcc.a(_arm_cmpdf2.o)
                0x08000a8c                __gtdf2
                0x08000a8c                __gedf2
                0x08000a94                __ltdf2
                0x08000a94                __ledf2
                0x08000a9c                __nedf2
                0x08000a9c                __eqdf2
                0x08000a9c                __cmpdf2
                0x08000b18                __aeabi_cdrcmple
                0x08000b28                __aeabi_cdcmpeq
                0x08000b28                __aeabi_cdcmple
                0x08000b38                __aeabi_dcmpeq
                0x08000b4c                __aeabi_dcmplt
                0x08000b60                __aeabi_dcmple
                0x08000b74                __aeabi_dcmpge
                0x08000b88                __aeabi_dcmpgt
 .text          0x08000b9c       0x2c c:/dev/tools/gcc-arm-none-eabi-10.3-2021.10/bin/../lib/gcc/arm-none-eabi/10.3.1/thumb/v7e-m/nofp\libgcc.a(_arm_unorddf2.o)
                0x08000b9c                __unorddf2
                0x08000b9c                __aeabi_dcmpun
 .text          0x08000bc8       0x50 c:/dev/tools/gcc-arm-none-eabi-10.3-2021.10/bin/../lib/gcc/arm-none-eabi/10.3.1/thumb/v7e-m/nofp\libgcc.a(_arm_fixdfsi.o)
                0x08000bc8                __aeabi_d2iz
                0x08000bc8                __fixdfsi
 .text          0x08000c18       0x40 c:/dev/tools/gcc-arm-none-eabi-10.3-2021.10/bin/../lib/gcc/arm-none-eabi/10.3.1/thumb/v7e-m/nofp\libgcc.a(_arm_fixunsdfsi.o)
                0x08000c18                __aeabi_d2uiz
                0x08000c18                __fixunsdfsi
 .text          0x08000c58       0xa0 c:/dev/tools/gcc-arm-none-eabi-10.3-2021.10/bin/../lib/gcc/arm-none-eabi/10.3.1/thumb/v7e-m/nofp\libgcc.a(_arm_truncdfsf2.o)
                0x08000c58                __truncdfsf2
                0x08000c58                __aeabi_d2f
 .text          0x08000cf8       0x30 c:/dev/tools/gcc-arm-none-eabi-10.3-2021.10/bin/../lib/gcc/arm-none-eabi/10.3.1/thumb/v7e-m/nofp\libgcc.a(_aeabi_uldivmod.o)
                0x08000cf8                __aeabi_uldivmod
 .text          0x08000d28       0x34 c:/dev/tools/gcc-arm-none-eabi-10.3-2021.10/bin/../lib/gcc/arm-none-eabi/10.3.1/thumb/v7e-m/nofp\libgcc.a(_fixdfdi.o)
                0x08000d28                __fixdfdi
                0x08000d28                __aeabi_d2lz
 .text          0x08000d5c       0x3c c:/dev/tools/gcc-arm-none-eabi-10.3-2021.10/bin/../lib/gcc/arm-none-eabi/10.3.1/thumb/v7e-m/nofp\libgcc.a(_fixunsdfdi.o)
                0x08000d5c                __fixunsdfdi
                0x08000d5c                __aeabi_d2ulz
 .text          0x08000d98      0x2d0 c:/dev/tools/gcc-arm-none-eabi-10.3-2021.10/bin/../lib/gcc/arm-none-eabi/10.3.1/thumb/v7e-m/nofp\libgcc.a(_udivmoddi4.o)
                0x08000d98                __udivmoddi4
 .text          0x08001068        0x4 c:/dev/tools/gcc-arm-none-eabi-10.3-2021.10/bin/../lib/gcc/arm-none-eabi/10.3.1/thumb/v7e-m/nofp\libgcc.a(_dvmd_tls.o)
                0x08001068                __aeabi_idiv0
                0x08001068                __aeabi_ldiv0
 *(.text*)
 .text.SystemClock_Config
                0x0800106c       0xa8 ./Core/Src/main.o
                0x0800106c                SystemClock_Config
 .text.startup.main
                0x08001114       0x34 ./Core/Src/main.o
                0x08001114                main
 .text.Error_Handler
                0x08001148        0x4 ./Core/Src/main.o
                0x08001148                Error_Handler
 .text.MX_ETH_Init
                0x0800114c       0x58 ./Core/Src/eth.o
                0x0800114c                MX_ETH_Init
 .text.HAL_ETH_MspInit
                0x080011a4      0x10c ./Core/Src/eth.o
                0x080011a4                HAL_ETH_MspInit
 .text.MX_GPIO_Init
                0x080012b0       0xfc ./Core/Src/gpio.o
                0x080012b0                MX_GPIO_Init
 .text.HAL_MspInit
                0x080013ac       0x30 ./Core/Src/stm32f7xx_hal_msp.o
                0x080013ac                HAL_MspInit
 .text.NMI_Handler
                0x080013dc        0x2 ./Core/Src/stm32f7xx_it.o
                0x080013dc                NMI_Handler
 .text.HardFault_Handler
                0x080013de        0x2 ./Core/Src/stm32f7xx_it.o
                0x080013de                HardFault_Handler
 .text.MemManage_Handler
                0x080013e0        0x2 ./Core/Src/stm32f7xx_it.o
                0x080013e0                MemManage_Handler
 .text.BusFault_Handler
                0x080013e2        0x2 ./Core/Src/stm32f7xx_it.o
                0x080013e2                BusFault_Handler
 .text.UsageFault_Handler
                0x080013e4        0x2 ./Core/Src/stm32f7xx_it.o
                0x080013e4                UsageFault_Handler
 .text.SVC_Handler
                0x080013e6        0x2 ./Core/Src/stm32f7xx_it.o
                0x080013e6                SVC_Handler
 .text.DebugMon_Handler
                0x080013e8        0x2 ./Core/Src/stm32f7xx_it.o
                0x080013e8                DebugMon_Handler
 .text.PendSV_Handler
                0x080013ea        0x2 ./Core/Src/stm32f7xx_it.o
                0x080013ea                PendSV_Handler
 .text.SysTick_Handler
                0x080013ec        0x4 ./Core/Src/stm32f7xx_it.o
                0x080013ec                SysTick_Handler
 .text._getpid  0x080013f0        0x4 ./Core/Src/syscalls.o
                0x080013f0                _getpid
 .text._kill    0x080013f4       0x10 ./Core/Src/syscalls.o
                0x080013f4                _kill
 .text._exit    0x08001404        0xc ./Core/Src/syscalls.o
                0x08001404                _exit
 .text._read    0x08001410       0x1c ./Core/Src/syscalls.o
                0x08001410                _read
 .text._write   0x0800142c       0x1c ./Core/Src/syscalls.o
                0x0800142c                _write
 .text._close   0x08001448        0x6 ./Core/Src/syscalls.o
                0x08001448                _close
 .text._fstat   0x0800144e        0xa ./Core/Src/syscalls.o
                0x0800144e                _fstat
 .text._isatty  0x08001458        0x4 ./Core/Src/syscalls.o
                0x08001458                _isatty
 .text._lseek   0x0800145c        0x4 ./Core/Src/syscalls.o
                0x0800145c                _lseek
 .text._sbrk    0x08001460       0x40 ./Core/Src/sysmem.o
                0x08001460                _sbrk
 .text.SystemInit
                0x080014a0        0x2 ./Core/Src/system_stm32f7xx.o
                0x080014a0                SystemInit
 *fill*         0x080014a2        0x2 
 .text.MX_USART3_UART_Init
                0x080014a4       0x3c ./Core/Src/usart.o
                0x080014a4                MX_USART3_UART_Init
 .text.HAL_UART_MspInit
                0x080014e0       0x88 ./Core/Src/usart.o
                0x080014e0                HAL_UART_MspInit
 .text.MX_USB_OTG_FS_PCD_Init
                0x08001568       0x38 ./Core/Src/usb_otg.o
                0x08001568                MX_USB_OTG_FS_PCD_Init
 .text.HAL_PCD_MspInit
                0x080015a0       0xa8 ./Core/Src/usb_otg.o
                0x080015a0                HAL_PCD_MspInit
 .text.Reset_Handler
                0x08001648       0x50 ./Core/Startup/startup_stm32f767zitx.o
                0x08001648                Reset_Handler
 .text.Default_Handler
                0x08001698        0x2 ./Core/Startup/startup_stm32f767zitx.o
                0x08001698                RTC_Alarm_IRQHandler
                0x08001698                EXTI2_IRQHandler
                0x08001698                TIM8_CC_IRQHandler
                0x08001698                UART8_IRQHandler
                0x08001698                SPI4_IRQHandler
                0x08001698                TIM1_CC_IRQHandler
                0x08001698                DMA2_Stream5_IRQHandler
                0x08001698                JPEG_IRQHandler
                0x08001698                DMA1_Stream5_IRQHandler
                0x08001698                CAN3_RX1_IRQHandler
                0x08001698                PVD_IRQHandler
                0x08001698                TAMP_STAMP_IRQHandler
                0x08001698                CAN2_RX1_IRQHandler
                0x08001698                EXTI3_IRQHandler
                0x08001698                TIM8_TRG_COM_TIM14_IRQHandler
                0x08001698                DFSDM1_FLT1_IRQHandler
                0x08001698                TIM1_UP_TIM10_IRQHandler
                0x08001698                TIM8_UP_TIM13_IRQHandler
                0x08001698                I2C3_ER_IRQHandler
                0x08001698                DFSDM1_FLT2_IRQHandler
                0x08001698                EXTI0_IRQHandler
                0x08001698                I2C2_EV_IRQHandler
                0x08001698                DMA1_Stream2_IRQHandler
                0x08001698                CAN1_RX0_IRQHandler
                0x08001698                FPU_IRQHandler
                0x08001698                OTG_HS_WKUP_IRQHandler
                0x08001698                CAN3_SCE_IRQHandler
                0x08001698                LTDC_ER_IRQHandler
                0x08001698                CAN2_SCE_IRQHandler
                0x08001698                DMA2_Stream2_IRQHandler
                0x08001698                SPI1_IRQHandler
                0x08001698                TIM6_DAC_IRQHandler
                0x08001698                TIM1_BRK_TIM9_IRQHandler
                0x08001698                DCMI_IRQHandler
                0x08001698                CAN2_RX0_IRQHandler
                0x08001698                DMA2_Stream3_IRQHandler
                0x08001698                SAI2_IRQHandler
                0x08001698                DFSDM1_FLT3_IRQHandler
                0x08001698                USART6_IRQHandler
                0x08001698                CAN3_RX0_IRQHandler
                0x08001698                USART3_IRQHandler
                0x08001698                CAN1_RX1_IRQHandler
                0x08001698                UART5_IRQHandler
                0x08001698                DMA2_Stream0_IRQHandler
                0x08001698                TIM4_IRQHandler
                0x08001698                QUADSPI_IRQHandler
                0x08001698                I2C1_EV_IRQHandler
                0x08001698                DMA1_Stream6_IRQHandler
                0x08001698                DMA1_Stream1_IRQHandler
                0x08001698                UART4_IRQHandler
                0x08001698                TIM3_IRQHandler
                0x08001698                RCC_IRQHandler
                0x08001698                TIM8_BRK_TIM12_IRQHandler
                0x08001698                Default_Handler
                0x08001698                CEC_IRQHandler
                0x08001698                EXTI15_10_IRQHandler
                0x08001698                ADC_IRQHandler
                0x08001698                DMA1_Stream7_IRQHandler
                0x08001698                SPI5_IRQHandler
                0x08001698                TIM7_IRQHandler
                0x08001698                SDMMC1_IRQHandler
                0x08001698                CAN2_TX_IRQHandler
                0x08001698                TIM5_IRQHandler
                0x08001698                DMA2_Stream7_IRQHandler
                0x08001698                I2C3_EV_IRQHandler
                0x08001698                EXTI9_5_IRQHandler
                0x08001698                RTC_WKUP_IRQHandler
                0x08001698                LTDC_IRQHandler
                0x08001698                ETH_WKUP_IRQHandler
                0x08001698                SPDIF_RX_IRQHandler
                0x08001698                SPI2_IRQHandler
                0x08001698                OTG_HS_EP1_IN_IRQHandler
                0x08001698                DMA1_Stream0_IRQHandler
                0x08001698                CAN1_TX_IRQHandler
                0x08001698                EXTI4_IRQHandler
                0x08001698                RNG_IRQHandler
                0x08001698                ETH_IRQHandler
                0x08001698                OTG_HS_EP1_OUT_IRQHandler
                0x08001698                WWDG_IRQHandler
                0x08001698                SPI6_IRQHandler
                0x08001698                MDIOS_IRQHandler
                0x08001698                I2C4_EV_IRQHandler
                0x08001698                CAN3_TX_IRQHandler
                0x08001698                TIM2_IRQHandler
                0x08001698                OTG_FS_WKUP_IRQHandler
                0x08001698                TIM1_TRG_COM_TIM11_IRQHandler
                0x08001698                OTG_HS_IRQHandler
                0x08001698                DMA2D_IRQHandler
                0x08001698                EXTI1_IRQHandler
                0x08001698                SDMMC2_IRQHandler
                0x08001698                UART7_IRQHandler
                0x08001698                USART2_IRQHandler
                0x08001698                DFSDM1_FLT0_IRQHandler
                0x08001698                I2C2_ER_IRQHandler
                0x08001698                DMA2_Stream1_IRQHandler
                0x08001698                CAN1_SCE_IRQHandler
                0x08001698                FLASH_IRQHandler
                0x08001698                DMA2_Stream4_IRQHandler
                0x08001698                USART1_IRQHandler
                0x08001698                OTG_FS_IRQHandler
                0x08001698                SPI3_IRQHandler
                0x08001698                DMA1_Stream4_IRQHandler
                0x08001698                I2C1_ER_IRQHandler
                0x08001698                FMC_IRQHandler
                0x08001698                LPTIM1_IRQHandler
                0x08001698                I2C4_ER_IRQHandler
                0x08001698                DMA2_Stream6_IRQHandler
                0x08001698                SAI1_IRQHandler
                0x08001698                DMA1_Stream3_IRQHandler
 *fill*         0x0800169a        0x2 
 .text.HAL_InitTick
                0x0800169c       0x48 ./Drivers/STM32F7xx_HAL_Driver/stm32f7xx_hal.o
                0x0800169c                HAL_InitTick
 .text.HAL_Init
                0x080016e4       0x2c ./Drivers/STM32F7xx_HAL_Driver/stm32f7xx_hal.o
                0x080016e4                HAL_Init
 .text.HAL_IncTick
                0x08001710       0x18 ./Drivers/STM32F7xx_HAL_Driver/stm32f7xx_hal.o
                0x08001710                HAL_IncTick
 .text.HAL_GetTick
                0x08001728        0xc ./Drivers/STM32F7xx_HAL_Driver/stm32f7xx_hal.o
                0x08001728                HAL_GetTick
 .text.HAL_Delay
                0x08001734       0x24 ./Drivers/STM32F7xx_HAL_Driver/stm32f7xx_hal.o
                0x08001734                HAL_Delay
 .text.HAL_NVIC_SetPriorityGrouping
                0x08001758       0x24 ./Drivers/STM32F7xx_HAL_Driver/stm32f7xx_hal_cortex.o
                0x08001758                HAL_NVIC_SetPriorityGrouping
 .text.HAL_NVIC_SetPriority
                0x0800177c       0x64 ./Drivers/STM32F7xx_HAL_Driver/stm32f7xx_hal_cortex.o
                0x0800177c                HAL_NVIC_SetPriority
 .text.HAL_SYSTICK_Config
                0x080017e0       0x28 ./Drivers/STM32F7xx_HAL_Driver/stm32f7xx_hal_cortex.o
                0x080017e0                HAL_SYSTICK_Config
 .text.ETH_MACDMAConfig
                0x08001808      0x118 ./Drivers/STM32F7xx_HAL_Driver/stm32f7xx_hal_eth.o
 .text.HAL_ETH_ReadPHYRegister
                0x08001920       0x74 ./Drivers/STM32F7xx_HAL_Driver/stm32f7xx_hal_eth.o
                0x08001920                HAL_ETH_ReadPHYRegister
 .text.HAL_ETH_WritePHYRegister
                0x08001994       0x70 ./Drivers/STM32F7xx_HAL_Driver/stm32f7xx_hal_eth.o
                0x08001994                HAL_ETH_WritePHYRegister
 .text.HAL_ETH_Init
                0x08001a04      0x1f4 ./Drivers/STM32F7xx_HAL_Driver/stm32f7xx_hal_eth.o
                0x08001a04                HAL_ETH_Init
 .text.HAL_GPIO_Init
                0x08001bf8      0x1e0 ./Drivers/STM32F7xx_HAL_Driver/stm32f7xx_hal_gpio.o
                0x08001bf8                HAL_GPIO_Init
 .text.HAL_GPIO_WritePin
                0x08001dd8        0xa ./Drivers/STM32F7xx_HAL_Driver/stm32f7xx_hal_gpio.o
                0x08001dd8                HAL_GPIO_WritePin
 .text.HAL_GPIO_TogglePin
                0x08001de2       0x12 ./Drivers/STM32F7xx_HAL_Driver/stm32f7xx_hal_gpio.o
                0x08001de2                HAL_GPIO_TogglePin
 .text.HAL_PCD_Init
                0x08001df4      0x112 ./Drivers/STM32F7xx_HAL_Driver/stm32f7xx_hal_pcd.o
                0x08001df4                HAL_PCD_Init
 .text.HAL_PCDEx_ActivateLPM
                0x08001f06       0x26 ./Drivers/STM32F7xx_HAL_Driver/stm32f7xx_hal_pcd_ex.o
                0x08001f06                HAL_PCDEx_ActivateLPM
 .text.HAL_PWR_EnableBkUpAccess
                0x08001f2c       0x10 ./Drivers/STM32F7xx_HAL_Driver/stm32f7xx_hal_pwr.o
                0x08001f2c                HAL_PWR_EnableBkUpAccess
 .text.HAL_RCC_OscConfig
                0x08001f3c      0x378 ./Drivers/STM32F7xx_HAL_Driver/stm32f7xx_hal_rcc.o
                0x08001f3c                HAL_RCC_OscConfig
 .text.HAL_RCC_GetSysClockFreq
                0x080022b4       0x5c ./Drivers/STM32F7xx_HAL_Driver/stm32f7xx_hal_rcc.o
                0x080022b4                HAL_RCC_GetSysClockFreq
 .text.HAL_RCC_ClockConfig
                0x08002310      0x144 ./Drivers/STM32F7xx_HAL_Driver/stm32f7xx_hal_rcc.o
                0x08002310                HAL_RCC_ClockConfig
 .text.HAL_RCC_GetHCLKFreq
                0x08002454        0xc ./Drivers/STM32F7xx_HAL_Driver/stm32f7xx_hal_rcc.o
                0x08002454                HAL_RCC_GetHCLKFreq
 .text.HAL_RCC_GetPCLK1Freq
                0x08002460       0x20 ./Drivers/STM32F7xx_HAL_Driver/stm32f7xx_hal_rcc.o
                0x08002460                HAL_RCC_GetPCLK1Freq
 .text.HAL_RCC_GetPCLK2Freq
                0x08002480       0x20 ./Drivers/STM32F7xx_HAL_Driver/stm32f7xx_hal_rcc.o
                0x08002480                HAL_RCC_GetPCLK2Freq
 .text.HAL_RCCEx_PeriphCLKConfig
                0x080024a0      0x594 ./Drivers/STM32F7xx_HAL_Driver/stm32f7xx_hal_rcc_ex.o
                0x080024a0                HAL_RCCEx_PeriphCLKConfig
 .text.UART_SetConfig
                0x08002a34      0x278 ./Drivers/STM32F7xx_HAL_Driver/stm32f7xx_hal_uart.o
                0x08002a34                UART_SetConfig
 .text.UART_AdvFeatureConfig
                0x08002cac       0xb8 ./Drivers/STM32F7xx_HAL_Driver/stm32f7xx_hal_uart.o
                0x08002cac                UART_AdvFeatureConfig
 .text.UART_WaitOnFlagUntilTimeout
                0x08002d64       0x92 ./Drivers/STM32F7xx_HAL_Driver/stm32f7xx_hal_uart.o
                0x08002d64                UART_WaitOnFlagUntilTimeout
 .text.UART_CheckIdleState
                0x08002df6       0x64 ./Drivers/STM32F7xx_HAL_Driver/stm32f7xx_hal_uart.o
                0x08002df6                UART_CheckIdleState
 .text.HAL_UART_Init
                0x08002e5a       0x60 ./Drivers/STM32F7xx_HAL_Driver/stm32f7xx_hal_uart.o
                0x08002e5a                HAL_UART_Init
 *fill*         0x08002eba        0x2 
 .text.USB_CoreReset
                0x08002ebc       0x30 ./Drivers/STM32F7xx_HAL_Driver/stm32f7xx_ll_usb.o
 .text.USB_CoreInit
                0x08002eec       0x76 ./Drivers/STM32F7xx_HAL_Driver/stm32f7xx_ll_usb.o
                0x08002eec                USB_CoreInit
 .text.USB_DisableGlobalInt
                0x08002f62        0xc ./Drivers/STM32F7xx_HAL_Driver/stm32f7xx_ll_usb.o
                0x08002f62                USB_DisableGlobalInt
 .text.USB_SetCurrentMode
                0x08002f6e       0x2e ./Drivers/STM32F7xx_HAL_Driver/stm32f7xx_ll_usb.o
                0x08002f6e                USB_SetCurrentMode
 .text.USB_FlushTxFifo
                0x08002f9c       0x24 ./Drivers/STM32F7xx_HAL_Driver/stm32f7xx_ll_usb.o
                0x08002f9c                USB_FlushTxFifo
 .text.USB_FlushRxFifo
                0x08002fc0       0x20 ./Drivers/STM32F7xx_HAL_Driver/stm32f7xx_ll_usb.o
                0x08002fc0                USB_FlushRxFifo
 .text.USB_SetDevSpeed
                0x08002fe0        0xe ./Drivers/STM32F7xx_HAL_Driver/stm32f7xx_ll_usb.o
                0x08002fe0                USB_SetDevSpeed
 *fill*         0x08002fee        0x2 
 .text.USB_DevInit
                0x08002ff0      0x17c ./Drivers/STM32F7xx_HAL_Driver/stm32f7xx_ll_usb.o
                0x08002ff0                USB_DevInit
 .text.USB_DevDisconnect
                0x0800316c       0x1c ./Drivers/STM32F7xx_HAL_Driver/stm32f7xx_ll_usb.o
                0x0800316c                USB_DevDisconnect
 .text.__errno  0x08003188        0xc c:/dev/tools/gcc-arm-none-eabi-10.3-2021.10/bin/../lib/gcc/arm-none-eabi/10.3.1/../../../../arm-none-eabi/lib/thumb/v7e-m/nofp\libc_nano.a(lib_a-errno.o)
                0x08003188                __errno
 .text.__libc_init_array
                0x08003194       0x48 c:/dev/tools/gcc-arm-none-eabi-10.3-2021.10/bin/../lib/gcc/arm-none-eabi/10.3.1/../../../../arm-none-eabi/lib/thumb/v7e-m/nofp\libc_nano.a(lib_a-init.o)
                0x08003194                __libc_init_array
 .text.memset   0x080031dc       0x10 c:/dev/tools/gcc-arm-none-eabi-10.3-2021.10/bin/../lib/gcc/arm-none-eabi/10.3.1/../../../../arm-none-eabi/lib/thumb/v7e-m/nofp\libc_nano.a(lib_a-memset.o)
                0x080031dc                memset
 .text.__cvt    0x080031ec       0xc0 c:/dev/tools/gcc-arm-none-eabi-10.3-2021.10/bin/../lib/gcc/arm-none-eabi/10.3.1/../../../../arm-none-eabi/lib/thumb/v7e-m/nofp\libc_nano.a(lib_a-nano-vfprintf_float.o)
                0x080031ec                __cvt
 .text.__exponent
                0x080032ac       0x7c c:/dev/tools/gcc-arm-none-eabi-10.3-2021.10/bin/../lib/gcc/arm-none-eabi/10.3.1/../../../../arm-none-eabi/lib/thumb/v7e-m/nofp\libc_nano.a(lib_a-nano-vfprintf_float.o)
                0x080032ac                __exponent
 .text._printf_float
                0x08003328      0x454 c:/dev/tools/gcc-arm-none-eabi-10.3-2021.10/bin/../lib/gcc/arm-none-eabi/10.3.1/../../../../arm-none-eabi/lib/thumb/v7e-m/nofp\libc_nano.a(lib_a-nano-vfprintf_float.o)
                0x08003328                _printf_float
 .text._printf_common
                0x0800377c       0xda c:/dev/tools/gcc-arm-none-eabi-10.3-2021.10/bin/../lib/gcc/arm-none-eabi/10.3.1/../../../../arm-none-eabi/lib/thumb/v7e-m/nofp\libc_nano.a(lib_a-nano-vfprintf_i.o)
                0x0800377c                _printf_common
 *fill*         0x08003856        0x2 
 .text._printf_i
                0x08003858      0x24c c:/dev/tools/gcc-arm-none-eabi-10.3-2021.10/bin/../lib/gcc/arm-none-eabi/10.3.1/../../../../arm-none-eabi/lib/thumb/v7e-m/nofp\libc_nano.a(lib_a-nano-vfprintf_i.o)
                0x08003858                _printf_i
 .text._scanf_float
                0x08003aa4      0x418 c:/dev/tools/gcc-arm-none-eabi-10.3-2021.10/bin/../lib/gcc/arm-none-eabi/10.3.1/../../../../arm-none-eabi/lib/thumb/v7e-m/nofp\libc_nano.a(lib_a-nano-vfscanf_float.o)
                0x08003aa4                _scanf_float
 .text.nanf     0x08003ebc        0x8 c:/dev/tools/gcc-arm-none-eabi-10.3-2021.10/bin/../lib/gcc/arm-none-eabi/10.3.1/../../../../arm-none-eabi/lib/thumb/v7e-m/nofp\libc_nano.a(lib_a-sf_nan.o)
                0x08003ebc                nanf
 .text.sprintf  0x08003ec4       0x40 c:/dev/tools/gcc-arm-none-eabi-10.3-2021.10/bin/../lib/gcc/arm-none-eabi/10.3.1/../../../../arm-none-eabi/lib/thumb/v7e-m/nofp\libc_nano.a(lib_a-sprintf.o)
                0x08003ec4                siprintf
                0x08003ec4                sprintf
 .text.sulp     0x08003f04       0x42 c:/dev/tools/gcc-arm-none-eabi-10.3-2021.10/bin/../lib/gcc/arm-none-eabi/10.3.1/../../../../arm-none-eabi/lib/thumb/v7e-m/nofp\libc_nano.a(lib_a-strtod.o)
 *fill*         0x08003f46        0x2 
 .text._strtod_l
                0x08003f48      0xbd0 c:/dev/tools/gcc-arm-none-eabi-10.3-2021.10/bin/../lib/gcc/arm-none-eabi/10.3.1/../../../../arm-none-eabi/lib/thumb/v7e-m/nofp\libc_nano.a(lib_a-strtod.o)
                0x08003f48                _strtod_l
 .text._strtod_r
                0x08004b18        0xc c:/dev/tools/gcc-arm-none-eabi-10.3-2021.10/bin/../lib/gcc/arm-none-eabi/10.3.1/../../../../arm-none-eabi/lib/thumb/v7e-m/nofp\libc_nano.a(lib_a-strtod.o)
                0x08004b18                _strtod_r
 .text._strtol_l.constprop.0
                0x08004b24       0xf8 c:/dev/tools/gcc-arm-none-eabi-10.3-2021.10/bin/../lib/gcc/arm-none-eabi/10.3.1/../../../../arm-none-eabi/lib/thumb/v7e-m/nofp\libc_nano.a(lib_a-strtol.o)
 .text._strtol_r
                0x08004c1c        0x4 c:/dev/tools/gcc-arm-none-eabi-10.3-2021.10/bin/../lib/gcc/arm-none-eabi/10.3.1/../../../../arm-none-eabi/lib/thumb/v7e-m/nofp\libc_nano.a(lib_a-strtol.o)
                0x08004c1c                _strtol_r
 .text.quorem   0x08004c20      0x10e c:/dev/tools/gcc-arm-none-eabi-10.3-2021.10/bin/../lib/gcc/arm-none-eabi/10.3.1/../../../../arm-none-eabi/lib/thumb/v7e-m/nofp\libc_nano.a(lib_a-dtoa.o)
 *fill*         0x08004d2e        0x2 
 .text._dtoa_r  0x08004d30      0xbdc c:/dev/tools/gcc-arm-none-eabi-10.3-2021.10/bin/../lib/gcc/arm-none-eabi/10.3.1/../../../../arm-none-eabi/lib/thumb/v7e-m/nofp\libc_nano.a(lib_a-dtoa.o)
                0x08004d30                _dtoa_r
 .text.rshift   0x0800590c       0xa4 c:/dev/tools/gcc-arm-none-eabi-10.3-2021.10/bin/../lib/gcc/arm-none-eabi/10.3.1/../../../../arm-none-eabi/lib/thumb/v7e-m/nofp\libc_nano.a(lib_a-gdtoa-gethex.o)
 .text.__hexdig_fun
                0x080059b0       0x2a c:/dev/tools/gcc-arm-none-eabi-10.3-2021.10/bin/../lib/gcc/arm-none-eabi/10.3.1/../../../../arm-none-eabi/lib/thumb/v7e-m/nofp\libc_nano.a(lib_a-gdtoa-gethex.o)
                0x080059b0                __hexdig_fun
 *fill*         0x080059da        0x2 
 .text.__gethex
                0x080059dc      0x478 c:/dev/tools/gcc-arm-none-eabi-10.3-2021.10/bin/../lib/gcc/arm-none-eabi/10.3.1/../../../../arm-none-eabi/lib/thumb/v7e-m/nofp\libc_nano.a(lib_a-gdtoa-gethex.o)
                0x080059dc                __gethex
 .text.L_shift  0x08005e54       0x24 c:/dev/tools/gcc-arm-none-eabi-10.3-2021.10/bin/../lib/gcc/arm-none-eabi/10.3.1/../../../../arm-none-eabi/lib/thumb/v7e-m/nofp\libc_nano.a(lib_a-gdtoa-hexnan.o)
 .text.__match  0x08005e78       0x28 c:/dev/tools/gcc-arm-none-eabi-10.3-2021.10/bin/../lib/gcc/arm-none-eabi/10.3.1/../../../../arm-none-eabi/lib/thumb/v7e-m/nofp\libc_nano.a(lib_a-gdtoa-hexnan.o)
                0x08005e78                __match
 .text.__hexnan
                0x08005ea0      0x138 c:/dev/tools/gcc-arm-none-eabi-10.3-2021.10/bin/../lib/gcc/arm-none-eabi/10.3.1/../../../../arm-none-eabi/lib/thumb/v7e-m/nofp\libc_nano.a(lib_a-gdtoa-hexnan.o)
                0x08005ea0                __hexnan
 .text._localeconv_r
                0x08005fd8        0x8 c:/dev/tools/gcc-arm-none-eabi-10.3-2021.10/bin/../lib/gcc/arm-none-eabi/10.3.1/../../../../arm-none-eabi/lib/thumb/v7e-m/nofp\libc_nano.a(lib_a-localeconv.o)
                0x08005fd8                _localeconv_r
 .text.malloc   0x08005fe0       0x10 c:/dev/tools/gcc-arm-none-eabi-10.3-2021.10/bin/../lib/gcc/arm-none-eabi/10.3.1/../../../../arm-none-eabi/lib/thumb/v7e-m/nofp\libc_nano.a(lib_a-malloc.o)
                0x08005fe0                malloc
 .text.__ascii_mbtowc
                0x08005ff0       0x24 c:/dev/tools/gcc-arm-none-eabi-10.3-2021.10/bin/../lib/gcc/arm-none-eabi/10.3.1/../../../../arm-none-eabi/lib/thumb/v7e-m/nofp\libc_nano.a(lib_a-mbtowc_r.o)
                0x08005ff0                __ascii_mbtowc
 .text.memcpy   0x08006014       0x1c c:/dev/tools/gcc-arm-none-eabi-10.3-2021.10/bin/../lib/gcc/arm-none-eabi/10.3.1/../../../../arm-none-eabi/lib/thumb/v7e-m/nofp\libc_nano.a(lib_a-memcpy-stub.o)
                0x08006014                memcpy
 .text._Balloc  0x08006030       0x80 c:/dev/tools/gcc-arm-none-eabi-10.3-2021.10/bin/../lib/gcc/arm-none-eabi/10.3.1/../../../../arm-none-eabi/lib/thumb/v7e-m/nofp\libc_nano.a(lib_a-mprec.o)
                0x08006030                _Balloc
 .text._Bfree   0x080060b0       0x44 c:/dev/tools/gcc-arm-none-eabi-10.3-2021.10/bin/../lib/gcc/arm-none-eabi/10.3.1/../../../../arm-none-eabi/lib/thumb/v7e-m/nofp\libc_nano.a(lib_a-mprec.o)
                0x080060b0                _Bfree
 .text.__multadd
                0x080060f4       0x8c c:/dev/tools/gcc-arm-none-eabi-10.3-2021.10/bin/../lib/gcc/arm-none-eabi/10.3.1/../../../../arm-none-eabi/lib/thumb/v7e-m/nofp\libc_nano.a(lib_a-mprec.o)
                0x080060f4                __multadd
 .text.__s2b    0x08006180       0x94 c:/dev/tools/gcc-arm-none-eabi-10.3-2021.10/bin/../lib/gcc/arm-none-eabi/10.3.1/../../../../arm-none-eabi/lib/thumb/v7e-m/nofp\libc_nano.a(lib_a-mprec.o)
                0x08006180                __s2b
 .text.__hi0bits
                0x08006214       0x40 c:/dev/tools/gcc-arm-none-eabi-10.3-2021.10/bin/../lib/gcc/arm-none-eabi/10.3.1/../../../../arm-none-eabi/lib/thumb/v7e-m/nofp\libc_nano.a(lib_a-mprec.o)
                0x08006214                __hi0bits
 .text.__lo0bits
                0x08006254       0x5a c:/dev/tools/gcc-arm-none-eabi-10.3-2021.10/bin/../lib/gcc/arm-none-eabi/10.3.1/../../../../arm-none-eabi/lib/thumb/v7e-m/nofp\libc_nano.a(lib_a-mprec.o)
                0x08006254                __lo0bits
 *fill*         0x080062ae        0x2 
 .text.__i2b    0x080062b0       0x2c c:/dev/tools/gcc-arm-none-eabi-10.3-2021.10/bin/../lib/gcc/arm-none-eabi/10.3.1/../../../../arm-none-eabi/lib/thumb/v7e-m/nofp\libc_nano.a(lib_a-mprec.o)
                0x080062b0                __i2b
 .text.__multiply
                0x080062dc      0x150 c:/dev/tools/gcc-arm-none-eabi-10.3-2021.10/bin/../lib/gcc/arm-none-eabi/10.3.1/../../../../arm-none-eabi/lib/thumb/v7e-m/nofp\libc_nano.a(lib_a-mprec.o)
                0x080062dc                __multiply
 .text.__pow5mult
                0x0800642c       0xb4 c:/dev/tools/gcc-arm-none-eabi-10.3-2021.10/bin/../lib/gcc/arm-none-eabi/10.3.1/../../../../arm-none-eabi/lib/thumb/v7e-m/nofp\libc_nano.a(lib_a-mprec.o)
                0x0800642c                __pow5mult
 .text.__lshift
                0x080064e0       0xe0 c:/dev/tools/gcc-arm-none-eabi-10.3-2021.10/bin/../lib/gcc/arm-none-eabi/10.3.1/../../../../arm-none-eabi/lib/thumb/v7e-m/nofp\libc_nano.a(lib_a-mprec.o)
                0x080064e0                __lshift
 .text.__mcmp   0x080065c0       0x36 c:/dev/tools/gcc-arm-none-eabi-10.3-2021.10/bin/../lib/gcc/arm-none-eabi/10.3.1/../../../../arm-none-eabi/lib/thumb/v7e-m/nofp\libc_nano.a(lib_a-mprec.o)
                0x080065c0                __mcmp
 *fill*         0x080065f6        0x2 
 .text.__mdiff  0x080065f8      0x110 c:/dev/tools/gcc-arm-none-eabi-10.3-2021.10/bin/../lib/gcc/arm-none-eabi/10.3.1/../../../../arm-none-eabi/lib/thumb/v7e-m/nofp\libc_nano.a(lib_a-mprec.o)
                0x080065f8                __mdiff
 .text.__ulp    0x08006708       0x4c c:/dev/tools/gcc-arm-none-eabi-10.3-2021.10/bin/../lib/gcc/arm-none-eabi/10.3.1/../../../../arm-none-eabi/lib/thumb/v7e-m/nofp\libc_nano.a(lib_a-mprec.o)
                0x08006708                __ulp
 .text.__b2d    0x08006754       0xa8 c:/dev/tools/gcc-arm-none-eabi-10.3-2021.10/bin/../lib/gcc/arm-none-eabi/10.3.1/../../../../arm-none-eabi/lib/thumb/v7e-m/nofp\libc_nano.a(lib_a-mprec.o)
                0x08006754                __b2d
 .text.__d2b    0x080067fc       0xb8 c:/dev/tools/gcc-arm-none-eabi-10.3-2021.10/bin/../lib/gcc/arm-none-eabi/10.3.1/../../../../arm-none-eabi/lib/thumb/v7e-m/nofp\libc_nano.a(lib_a-mprec.o)
                0x080067fc                __d2b
 .text.__ratio  0x080068b4       0x5c c:/dev/tools/gcc-arm-none-eabi-10.3-2021.10/bin/../lib/gcc/arm-none-eabi/10.3.1/../../../../arm-none-eabi/lib/thumb/v7e-m/nofp\libc_nano.a(lib_a-mprec.o)
                0x080068b4                __ratio
 .text.__copybits
                0x08006910       0x46 c:/dev/tools/gcc-arm-none-eabi-10.3-2021.10/bin/../lib/gcc/arm-none-eabi/10.3.1/../../../../arm-none-eabi/lib/thumb/v7e-m/nofp\libc_nano.a(lib_a-mprec.o)
                0x08006910                __copybits
 .text.__any_on
                0x08006956       0x42 c:/dev/tools/gcc-arm-none-eabi-10.3-2021.10/bin/../lib/gcc/arm-none-eabi/10.3.1/../../../../arm-none-eabi/lib/thumb/v7e-m/nofp\libc_nano.a(lib_a-mprec.o)
                0x08006956                __any_on
 .text._calloc_r
                0x08006998       0x28 c:/dev/tools/gcc-arm-none-eabi-10.3-2021.10/bin/../lib/gcc/arm-none-eabi/10.3.1/../../../../arm-none-eabi/lib/thumb/v7e-m/nofp\libc_nano.a(lib_a-nano-callocr.o)
                0x08006998                _calloc_r
 .text._free_r  0x080069c0       0x94 c:/dev/tools/gcc-arm-none-eabi-10.3-2021.10/bin/../lib/gcc/arm-none-eabi/10.3.1/../../../../arm-none-eabi/lib/thumb/v7e-m/nofp\libc_nano.a(lib_a-nano-freer.o)
                0x080069c0                _free_r
 .text.sbrk_aligned
                0x08006a54       0x40 c:/dev/tools/gcc-arm-none-eabi-10.3-2021.10/bin/../lib/gcc/arm-none-eabi/10.3.1/../../../../arm-none-eabi/lib/thumb/v7e-m/nofp\libc_nano.a(lib_a-nano-mallocr.o)
 .text._malloc_r
                0x08006a94       0xe8 c:/dev/tools/gcc-arm-none-eabi-10.3-2021.10/bin/../lib/gcc/arm-none-eabi/10.3.1/../../../../arm-none-eabi/lib/thumb/v7e-m/nofp\libc_nano.a(lib_a-nano-mallocr.o)
                0x08006a94                _malloc_r
 .text.__ssputs_r
                0x08006b7c       0xb6 c:/dev/tools/gcc-arm-none-eabi-10.3-2021.10/bin/../lib/gcc/arm-none-eabi/10.3.1/../../../../arm-none-eabi/lib/thumb/v7e-m/nofp\libc_nano.a(lib_a-nano-svfprintf.o)
                0x08006b7c                __ssputs_r
 *fill*         0x08006c32        0x2 
 .text._svfprintf_r
                0x08006c34      0x200 c:/dev/tools/gcc-arm-none-eabi-10.3-2021.10/bin/../lib/gcc/arm-none-eabi/10.3.1/../../../../arm-none-eabi/lib/thumb/v7e-m/nofp\libc_nano.a(lib_a-nano-svfprintf.o)
                0x08006c34                _svfiprintf_r
                0x08006c34                _svfprintf_r
 .text.nan      0x08006e34        0xc c:/dev/tools/gcc-arm-none-eabi-10.3-2021.10/bin/../lib/gcc/arm-none-eabi/10.3.1/../../../../arm-none-eabi/lib/thumb/v7e-m/nofp\libc_nano.a(lib_a-s_nan.o)
                0x08006e34                nan
 .text._sbrk_r  0x08006e40       0x20 c:/dev/tools/gcc-arm-none-eabi-10.3-2021.10/bin/../lib/gcc/arm-none-eabi/10.3.1/../../../../arm-none-eabi/lib/thumb/v7e-m/nofp\libc_nano.a(lib_a-sbrkr.o)
                0x08006e40                _sbrk_r
 .text.strncmp  0x08006e60       0x28 c:/dev/tools/gcc-arm-none-eabi-10.3-2021.10/bin/../lib/gcc/arm-none-eabi/10.3.1/../../../../arm-none-eabi/lib/thumb/v7e-m/nofp\libc_nano.a(lib_a-strncmp.o)
                0x08006e60                strncmp
 .text.__ascii_wctomb
                0x08006e88       0x1a c:/dev/tools/gcc-arm-none-eabi-10.3-2021.10/bin/../lib/gcc/arm-none-eabi/10.3.1/../../../../arm-none-eabi/lib/thumb/v7e-m/nofp\libc_nano.a(lib_a-wctomb_r.o)
                0x08006e88                __ascii_wctomb
 *fill*         0x08006ea2        0x2 
 .text.__assert_func
                0x08006ea4       0x3c c:/dev/tools/gcc-arm-none-eabi-10.3-2021.10/bin/../lib/gcc/arm-none-eabi/10.3.1/../../../../arm-none-eabi/lib/thumb/v7e-m/nofp\libc_nano.a(lib_a-assert.o)
                0x08006ea4                __assert_func
 .text.fprintf  0x08006ee0       0x24 c:/dev/tools/gcc-arm-none-eabi-10.3-2021.10/bin/../lib/gcc/arm-none-eabi/10.3.1/../../../../arm-none-eabi/lib/thumb/v7e-m/nofp\libc_nano.a(lib_a-fprintf.o)
                0x08006ee0                fiprintf
                0x08006ee0                fprintf
 .text.memmove  0x08006f04       0x34 c:/dev/tools/gcc-arm-none-eabi-10.3-2021.10/bin/../lib/gcc/arm-none-eabi/10.3.1/../../../../arm-none-eabi/lib/thumb/v7e-m/nofp\libc_nano.a(lib_a-memmove.o)
                0x08006f04                memmove
 .text.__malloc_lock
                0x08006f38        0xc c:/dev/tools/gcc-arm-none-eabi-10.3-2021.10/bin/../lib/gcc/arm-none-eabi/10.3.1/../../../../arm-none-eabi/lib/thumb/v7e-m/nofp\libc_nano.a(lib_a-mlock.o)
                0x08006f38                __malloc_lock
 .text.__malloc_unlock
                0x08006f44        0xc c:/dev/tools/gcc-arm-none-eabi-10.3-2021.10/bin/../lib/gcc/arm-none-eabi/10.3.1/../../../../arm-none-eabi/lib/thumb/v7e-m/nofp\libc_nano.a(lib_a-mlock.o)
                0x08006f44                __malloc_unlock
 .text._realloc_r
                0x08006f50       0x5e c:/dev/tools/gcc-arm-none-eabi-10.3-2021.10/bin/../lib/gcc/arm-none-eabi/10.3.1/../../../../arm-none-eabi/lib/thumb/v7e-m/nofp\libc_nano.a(lib_a-nano-reallocr.o)
                0x08006f50                _realloc_r
 .text.__sfputc_r
                0x08006fae       0x2a c:/dev/tools/gcc-arm-none-eabi-10.3-2021.10/bin/../lib/gcc/arm-none-eabi/10.3.1/../../../../arm-none-eabi/lib/thumb/v7e-m/nofp\libc_nano.a(lib_a-nano-vfprintf.o)
 .text.__sfputs_r
                0x08006fd8       0x24 c:/dev/tools/gcc-arm-none-eabi-10.3-2021.10/bin/../lib/gcc/arm-none-eabi/10.3.1/../../../../arm-none-eabi/lib/thumb/v7e-m/nofp\libc_nano.a(lib_a-nano-vfprintf.o)
                0x08006fd8                __sfputs_r
 .text._vfprintf_r
                0x08006ffc      0x260 c:/dev/tools/gcc-arm-none-eabi-10.3-2021.10/bin/../lib/gcc/arm-none-eabi/10.3.1/../../../../arm-none-eabi/lib/thumb/v7e-m/nofp\libc_nano.a(lib_a-nano-vfprintf.o)
                0x08006ffc                _vfprintf_r
                0x08006ffc                _vfiprintf_r
 .text.__swbuf_r
                0x0800725c       0xa4 c:/dev/tools/gcc-arm-none-eabi-10.3-2021.10/bin/../lib/gcc/arm-none-eabi/10.3.1/../../../../arm-none-eabi/lib/thumb/v7e-m/nofp\libc_nano.a(lib_a-wbuf.o)
                0x0800725c                __swbuf_r
 .text.__swsetup_r
                0x08007300       0xdc c:/dev/tools/gcc-arm-none-eabi-10.3-2021.10/bin/../lib/gcc/arm-none-eabi/10.3.1/../../../../arm-none-eabi/lib/thumb/v7e-m/nofp\libc_nano.a(lib_a-wsetup.o)
                0x08007300                __swsetup_r
 .text.abort    0x080073dc        0xe c:/dev/tools/gcc-arm-none-eabi-10.3-2021.10/bin/../lib/gcc/arm-none-eabi/10.3.1/../../../../arm-none-eabi/lib/thumb/v7e-m/nofp\libc_nano.a(lib_a-abort.o)
                0x080073dc                abort
 *fill*         0x080073ea        0x2 
 .text.__sflush_r
                0x080073ec      0x104 c:/dev/tools/gcc-arm-none-eabi-10.3-2021.10/bin/../lib/gcc/arm-none-eabi/10.3.1/../../../../arm-none-eabi/lib/thumb/v7e-m/nofp\libc_nano.a(lib_a-fflush.o)
                0x080073ec                __sflush_r
 .text._fflush_r
                0x080074f0       0x78 c:/dev/tools/gcc-arm-none-eabi-10.3-2021.10/bin/../lib/gcc/arm-none-eabi/10.3.1/../../../../arm-none-eabi/lib/thumb/v7e-m/nofp\libc_nano.a(lib_a-fflush.o)
                0x080074f0                _fflush_r
 .text.std      0x08007568       0x48 c:/dev/tools/gcc-arm-none-eabi-10.3-2021.10/bin/../lib/gcc/arm-none-eabi/10.3.1/../../../../arm-none-eabi/lib/thumb/v7e-m/nofp\libc_nano.a(lib_a-findfp.o)
 .text._cleanup_r
                0x080075b0        0xc c:/dev/tools/gcc-arm-none-eabi-10.3-2021.10/bin/../lib/gcc/arm-none-eabi/10.3.1/../../../../arm-none-eabi/lib/thumb/v7e-m/nofp\libc_nano.a(lib_a-findfp.o)
                0x080075b0                _cleanup_r
 .text.__sfmoreglue
                0x080075bc       0x2c c:/dev/tools/gcc-arm-none-eabi-10.3-2021.10/bin/../lib/gcc/arm-none-eabi/10.3.1/../../../../arm-none-eabi/lib/thumb/v7e-m/nofp\libc_nano.a(lib_a-findfp.o)
                0x080075bc                __sfmoreglue
 .text.__sfp_lock_acquire
                0x080075e8        0xc c:/dev/tools/gcc-arm-none-eabi-10.3-2021.10/bin/../lib/gcc/arm-none-eabi/10.3.1/../../../../arm-none-eabi/lib/thumb/v7e-m/nofp\libc_nano.a(lib_a-findfp.o)
                0x080075e8                __sfp_lock_acquire
 .text.__sfp_lock_release
                0x080075f4        0xc c:/dev/tools/gcc-arm-none-eabi-10.3-2021.10/bin/../lib/gcc/arm-none-eabi/10.3.1/../../../../arm-none-eabi/lib/thumb/v7e-m/nofp\libc_nano.a(lib_a-findfp.o)
                0x080075f4                __sfp_lock_release
 .text.__sinit_lock_acquire
                0x08007600        0xc c:/dev/tools/gcc-arm-none-eabi-10.3-2021.10/bin/../lib/gcc/arm-none-eabi/10.3.1/../../../../arm-none-eabi/lib/thumb/v7e-m/nofp\libc_nano.a(lib_a-findfp.o)
                0x08007600                __sinit_lock_acquire
 .text.__sinit_lock_release
                0x0800760c        0xc c:/dev/tools/gcc-arm-none-eabi-10.3-2021.10/bin/../lib/gcc/arm-none-eabi/10.3.1/../../../../arm-none-eabi/lib/thumb/v7e-m/nofp\libc_nano.a(lib_a-findfp.o)
                0x0800760c                __sinit_lock_release
 .text.__sinit  0x08007618       0x70 c:/dev/tools/gcc-arm-none-eabi-10.3-2021.10/bin/../lib/gcc/arm-none-eabi/10.3.1/../../../../arm-none-eabi/lib/thumb/v7e-m/nofp\libc_nano.a(lib_a-findfp.o)
                0x08007618                __sinit
 .text.__sfp    0x08007688       0x8c c:/dev/tools/gcc-arm-none-eabi-10.3-2021.10/bin/../lib/gcc/arm-none-eabi/10.3.1/../../../../arm-none-eabi/lib/thumb/v7e-m/nofp\libc_nano.a(lib_a-findfp.o)
                0x08007688                __sfp
 .text._fwalk_reent
                0x08007714       0x3e c:/dev/tools/gcc-arm-none-eabi-10.3-2021.10/bin/../lib/gcc/arm-none-eabi/10.3.1/../../../../arm-none-eabi/lib/thumb/v7e-m/nofp\libc_nano.a(lib_a-fwalk.o)
                0x08007714                _fwalk_reent
 .text.__retarget_lock_init_recursive
                0x08007752        0x2 c:/dev/tools/gcc-arm-none-eabi-10.3-2021.10/bin/../lib/gcc/arm-none-eabi/10.3.1/../../../../arm-none-eabi/lib/thumb/v7e-m/nofp\libc_nano.a(lib_a-lock.o)
                0x08007752                __retarget_lock_init_recursive
 .text.__retarget_lock_acquire_recursive
                0x08007754        0x2 c:/dev/tools/gcc-arm-none-eabi-10.3-2021.10/bin/../lib/gcc/arm-none-eabi/10.3.1/../../../../arm-none-eabi/lib/thumb/v7e-m/nofp\libc_nano.a(lib_a-lock.o)
                0x08007754                __retarget_lock_acquire_recursive
 .text.__retarget_lock_release_recursive
                0x08007756        0x2 c:/dev/tools/gcc-arm-none-eabi-10.3-2021.10/bin/../lib/gcc/arm-none-eabi/10.3.1/../../../../arm-none-eabi/lib/thumb/v7e-m/nofp\libc_nano.a(lib_a-lock.o)
                0x08007756                __retarget_lock_release_recursive
 .text.__swhatbuf_r
                0x08007758       0x4a c:/dev/tools/gcc-arm-none-eabi-10.3-2021.10/bin/../lib/gcc/arm-none-eabi/10.3.1/../../../../arm-none-eabi/lib/thumb/v7e-m/nofp\libc_nano.a(lib_a-makebuf.o)
                0x08007758                __swhatbuf_r
 *fill*         0x080077a2        0x2 
 .text.__smakebuf_r
                0x080077a4       0x80 c:/dev/tools/gcc-arm-none-eabi-10.3-2021.10/bin/../lib/gcc/arm-none-eabi/10.3.1/../../../../arm-none-eabi/lib/thumb/v7e-m/nofp\libc_nano.a(lib_a-makebuf.o)
                0x080077a4                __smakebuf_r
 .text._malloc_usable_size_r
                0x08007824       0x10 c:/dev/tools/gcc-arm-none-eabi-10.3-2021.10/bin/../lib/gcc/arm-none-eabi/10.3.1/../../../../arm-none-eabi/lib/thumb/v7e-m/nofp\libc_nano.a(lib_a-nano-msizer.o)
                0x08007824                _malloc_usable_size_r
 .text._raise_r
                0x08007834       0x50 c:/dev/tools/gcc-arm-none-eabi-10.3-2021.10/bin/../lib/gcc/arm-none-eabi/10.3.1/../../../../arm-none-eabi/lib/thumb/v7e-m/nofp\libc_nano.a(lib_a-signal.o)
                0x08007834                _raise_r
 .text.raise    0x08007884       0x10 c:/dev/tools/gcc-arm-none-eabi-10.3-2021.10/bin/../lib/gcc/arm-none-eabi/10.3.1/../../../../arm-none-eabi/lib/thumb/v7e-m/nofp\libc_nano.a(lib_a-signal.o)
                0x08007884                raise
 .text._kill_r  0x08007894       0x24 c:/dev/tools/gcc-arm-none-eabi-10.3-2021.10/bin/../lib/gcc/arm-none-eabi/10.3.1/../../../../arm-none-eabi/lib/thumb/v7e-m/nofp\libc_nano.a(lib_a-signalr.o)
                0x08007894                _kill_r
 .text._getpid_r
                0x080078b8        0x4 c:/dev/tools/gcc-arm-none-eabi-10.3-2021.10/bin/../lib/gcc/arm-none-eabi/10.3.1/../../../../arm-none-eabi/lib/thumb/v7e-m/nofp\libc_nano.a(lib_a-signalr.o)
                0x080078b8                _getpid_r
 .text.__sread  0x080078bc       0x22 c:/dev/tools/gcc-arm-none-eabi-10.3-2021.10/bin/../lib/gcc/arm-none-eabi/10.3.1/../../../../arm-none-eabi/lib/thumb/v7e-m/nofp\libc_nano.a(lib_a-stdio.o)
                0x080078bc                __sread
 .text.__swrite
                0x080078de       0x38 c:/dev/tools/gcc-arm-none-eabi-10.3-2021.10/bin/../lib/gcc/arm-none-eabi/10.3.1/../../../../arm-none-eabi/lib/thumb/v7e-m/nofp\libc_nano.a(lib_a-stdio.o)
                0x080078de                __swrite
 .text.__sseek  0x08007916       0x24 c:/dev/tools/gcc-arm-none-eabi-10.3-2021.10/bin/../lib/gcc/arm-none-eabi/10.3.1/../../../../arm-none-eabi/lib/thumb/v7e-m/nofp\libc_nano.a(lib_a-stdio.o)
                0x08007916                __sseek
 .text.__sclose
                0x0800793a        0x8 c:/dev/tools/gcc-arm-none-eabi-10.3-2021.10/bin/../lib/gcc/arm-none-eabi/10.3.1/../../../../arm-none-eabi/lib/thumb/v7e-m/nofp\libc_nano.a(lib_a-stdio.o)
                0x0800793a                __sclose
 *fill*         0x08007942        0x2 
 .text._write_r
                0x08007944       0x24 c:/dev/tools/gcc-arm-none-eabi-10.3-2021.10/bin/../lib/gcc/arm-none-eabi/10.3.1/../../../../arm-none-eabi/lib/thumb/v7e-m/nofp\libc_nano.a(lib_a-writer.o)
                0x08007944                _write_r
 .text._close_r
                0x08007968       0x20 c:/dev/tools/gcc-arm-none-eabi-10.3-2021.10/bin/../lib/gcc/arm-none-eabi/10.3.1/../../../../arm-none-eabi/lib/thumb/v7e-m/nofp\libc_nano.a(lib_a-closer.o)
                0x08007968                _close_r
 .text._fstat_r
                0x08007988       0x24 c:/dev/tools/gcc-arm-none-eabi-10.3-2021.10/bin/../lib/gcc/arm-none-eabi/10.3.1/../../../../arm-none-eabi/lib/thumb/v7e-m/nofp\libc_nano.a(lib_a-fstatr.o)
                0x08007988                _fstat_r
 .text._isatty_r
                0x080079ac       0x20 c:/dev/tools/gcc-arm-none-eabi-10.3-2021.10/bin/../lib/gcc/arm-none-eabi/10.3.1/../../../../arm-none-eabi/lib/thumb/v7e-m/nofp\libc_nano.a(lib_a-isattyr.o)
                0x080079ac                _isatty_r
 .text._lseek_r
                0x080079cc       0x24 c:/dev/tools/gcc-arm-none-eabi-10.3-2021.10/bin/../lib/gcc/arm-none-eabi/10.3.1/../../../../arm-none-eabi/lib/thumb/v7e-m/nofp\libc_nano.a(lib_a-lseekr.o)
                0x080079cc                _lseek_r
 .text._read_r  0x080079f0       0x24 c:/dev/tools/gcc-arm-none-eabi-10.3-2021.10/bin/../lib/gcc/arm-none-eabi/10.3.1/../../../../arm-none-eabi/lib/thumb/v7e-m/nofp\libc_nano.a(lib_a-readr.o)
                0x080079f0                _read_r
 *(.glue_7)
 .glue_7        0x08007a14        0x0 linker stubs
 *(.glue_7t)
 .glue_7t       0x08007a14        0x0 linker stubs
 *(.eh_frame)
 .eh_frame      0x08007a14        0x0 c:/dev/tools/gcc-arm-none-eabi-10.3-2021.10/bin/../lib/gcc/arm-none-eabi/10.3.1/thumb/v7e-m/nofp/crtbegin.o
 *(.init)
 .init          0x08007a14        0x4 c:/dev/tools/gcc-arm-none-eabi-10.3-2021.10/bin/../lib/gcc/arm-none-eabi/10.3.1/thumb/v7e-m/nofp/crti.o
                0x08007a14                _init
 .init          0x08007a18        0x8 c:/dev/tools/gcc-arm-none-eabi-10.3-2021.10/bin/../lib/gcc/arm-none-eabi/10.3.1/thumb/v7e-m/nofp/crtn.o
 *(.fini)
 .fini          0x08007a20        0x4 c:/dev/tools/gcc-arm-none-eabi-10.3-2021.10/bin/../lib/gcc/arm-none-eabi/10.3.1/thumb/v7e-m/nofp/crti.o
                0x08007a20                _fini
 .fini          0x08007a24        0x8 c:/dev/tools/gcc-arm-none-eabi-10.3-2021.10/bin/../lib/gcc/arm-none-eabi/10.3.1/thumb/v7e-m/nofp/crtn.o
                0x08007a2c                . = ALIGN (0x4)
                0x08007a2c                _etext = .

.vfp11_veneer   0x08007a2c        0x0
 .vfp11_veneer  0x08007a2c        0x0 linker stubs

.v4_bx          0x08007a2c        0x0
 .v4_bx         0x08007a2c        0x0 linker stubs

.iplt           0x08007a2c        0x0
 .iplt          0x08007a2c        0x0 c:/dev/tools/gcc-arm-none-eabi-10.3-2021.10/bin/../lib/gcc/arm-none-eabi/10.3.1/thumb/v7e-m/nofp/crtbegin.o

.rodata         0x08007a30      0x534
                0x08007a30                . = ALIGN (0x4)
 *(.rodata)
 *(.rodata*)
 .rodata.AHBPrescTable
                0x08007a30       0x10 ./Core/Src/system_stm32f7xx.o
                0x08007a30                AHBPrescTable
 .rodata.APBPrescTable
                0x08007a40        0x8 ./Core/Src/system_stm32f7xx.o
                0x08007a40                APBPrescTable
 .rodata.CSWTCH.52
                0x08007a48        0x3 ./Drivers/STM32F7xx_HAL_Driver/stm32f7xx_hal_uart.o
 .rodata.CSWTCH.53
                0x08007a4b        0xd ./Drivers/STM32F7xx_HAL_Driver/stm32f7xx_hal_uart.o
 .rodata._global_impure_ptr
                0x08007a58        0x4 c:/dev/tools/gcc-arm-none-eabi-10.3-2021.10/bin/../lib/gcc/arm-none-eabi/10.3.1/../../../../arm-none-eabi/lib/thumb/v7e-m/nofp\libc_nano.a(lib_a-impure.o)
                0x08007a58                _global_impure_ptr
 .rodata._printf_float.str1.1
                0x08007a5c       0x12 c:/dev/tools/gcc-arm-none-eabi-10.3-2021.10/bin/../lib/gcc/arm-none-eabi/10.3.1/../../../../arm-none-eabi/lib/thumb/v7e-m/nofp\libc_nano.a(lib_a-nano-vfprintf_float.o)
 .rodata._printf_i.str1.1
                0x08007a6e       0x22 c:/dev/tools/gcc-arm-none-eabi-10.3-2021.10/bin/../lib/gcc/arm-none-eabi/10.3.1/../../../../arm-none-eabi/lib/thumb/v7e-m/nofp\libc_nano.a(lib_a-nano-vfprintf_i.o)
 .rodata._scanf_float.str1.1
                0x08007a90        0x5 c:/dev/tools/gcc-arm-none-eabi-10.3-2021.10/bin/../lib/gcc/arm-none-eabi/10.3.1/../../../../arm-none-eabi/lib/thumb/v7e-m/nofp\libc_nano.a(lib_a-nano-vfscanf_float.o)
                                  0x6 (size before relaxing)
 .rodata._strtod_l.str1.1
                0x08007a95        0x5 c:/dev/tools/gcc-arm-none-eabi-10.3-2021.10/bin/../lib/gcc/arm-none-eabi/10.3.1/../../../../arm-none-eabi/lib/thumb/v7e-m/nofp\libc_nano.a(lib_a-strtod.o)
                                  0xd (size before relaxing)
 *fill*         0x08007a95        0x3 
 .rodata.fpi.1  0x08007a98       0x14 c:/dev/tools/gcc-arm-none-eabi-10.3-2021.10/bin/../lib/gcc/arm-none-eabi/10.3.1/../../../../arm-none-eabi/lib/thumb/v7e-m/nofp\libc_nano.a(lib_a-strtod.o)
 .rodata.fpinan.0
                0x08007aac       0x14 c:/dev/tools/gcc-arm-none-eabi-10.3-2021.10/bin/../lib/gcc/arm-none-eabi/10.3.1/../../../../arm-none-eabi/lib/thumb/v7e-m/nofp\libc_nano.a(lib_a-strtod.o)
 .rodata.tinytens
                0x08007ac0       0x28 c:/dev/tools/gcc-arm-none-eabi-10.3-2021.10/bin/../lib/gcc/arm-none-eabi/10.3.1/../../../../arm-none-eabi/lib/thumb/v7e-m/nofp\libc_nano.a(lib_a-strtod.o)
 .rodata._ctype_
                0x08007ae8      0x101 c:/dev/tools/gcc-arm-none-eabi-10.3-2021.10/bin/../lib/gcc/arm-none-eabi/10.3.1/../../../../arm-none-eabi/lib/thumb/v7e-m/nofp\libc_nano.a(lib_a-ctype_.o)
                0x08007ae8                _ctype_
 .rodata._dtoa_r.str1.1
                0x08007be9       0xb3 c:/dev/tools/gcc-arm-none-eabi-10.3-2021.10/bin/../lib/gcc/arm-none-eabi/10.3.1/../../../../arm-none-eabi/lib/thumb/v7e-m/nofp\libc_nano.a(lib_a-dtoa.o)
                                 0xb5 (size before relaxing)
 .rodata.__gethex.str1.1
                0x08007c9c       0x86 c:/dev/tools/gcc-arm-none-eabi-10.3-2021.10/bin/../lib/gcc/arm-none-eabi/10.3.1/../../../../arm-none-eabi/lib/thumb/v7e-m/nofp\libc_nano.a(lib_a-gdtoa-gethex.o)
                                 0x97 (size before relaxing)
 .rodata.str1.1
                0x08007d22        0x2 c:/dev/tools/gcc-arm-none-eabi-10.3-2021.10/bin/../lib/gcc/arm-none-eabi/10.3.1/../../../../arm-none-eabi/lib/thumb/v7e-m/nofp\libc_nano.a(lib_a-lnumeric.o)
                                  0x3 (size before relaxing)
 .rodata._C_numeric_locale
                0x08007d24        0xc c:/dev/tools/gcc-arm-none-eabi-10.3-2021.10/bin/../lib/gcc/arm-none-eabi/10.3.1/../../../../arm-none-eabi/lib/thumb/v7e-m/nofp\libc_nano.a(lib_a-lnumeric.o)
                0x08007d24                _C_numeric_locale
 .rodata._setlocale_r.str1.1
                0x08007d30        0x8 c:/dev/tools/gcc-arm-none-eabi-10.3-2021.10/bin/../lib/gcc/arm-none-eabi/10.3.1/../../../../arm-none-eabi/lib/thumb/v7e-m/nofp\libc_nano.a(lib_a-locale.o)
                                  0x9 (size before relaxing)
 .rodata.str1.1
                0x08007d38        0x2 c:/dev/tools/gcc-arm-none-eabi-10.3-2021.10/bin/../lib/gcc/arm-none-eabi/10.3.1/../../../../arm-none-eabi/lib/thumb/v7e-m/nofp\libc_nano.a(lib_a-locale.o)
 .rodata._Balloc.str1.1
                0x08007d38       0x7f c:/dev/tools/gcc-arm-none-eabi-10.3-2021.10/bin/../lib/gcc/arm-none-eabi/10.3.1/../../../../arm-none-eabi/lib/thumb/v7e-m/nofp\libc_nano.a(lib_a-mprec.o)
                                 0x96 (size before relaxing)
 .rodata.__multadd.str1.1
                0x08007db7       0x11 c:/dev/tools/gcc-arm-none-eabi-10.3-2021.10/bin/../lib/gcc/arm-none-eabi/10.3.1/../../../../arm-none-eabi/lib/thumb/v7e-m/nofp\libc_nano.a(lib_a-mprec.o)
 *fill*         0x08007db7        0x1 
 .rodata.__mprec_bigtens
                0x08007db8       0x28 c:/dev/tools/gcc-arm-none-eabi-10.3-2021.10/bin/../lib/gcc/arm-none-eabi/10.3.1/../../../../arm-none-eabi/lib/thumb/v7e-m/nofp\libc_nano.a(lib_a-mprec.o)
                0x08007db8                __mprec_bigtens
 .rodata.__mprec_tens
                0x08007de0       0xc8 c:/dev/tools/gcc-arm-none-eabi-10.3-2021.10/bin/../lib/gcc/arm-none-eabi/10.3.1/../../../../arm-none-eabi/lib/thumb/v7e-m/nofp\libc_nano.a(lib_a-mprec.o)
                0x08007de0                __mprec_tens
 .rodata.p05.0  0x08007ea8        0xc c:/dev/tools/gcc-arm-none-eabi-10.3-2021.10/bin/../lib/gcc/arm-none-eabi/10.3.1/../../../../arm-none-eabi/lib/thumb/v7e-m/nofp\libc_nano.a(lib_a-mprec.o)
 .rodata._svfprintf_r.str1.1
                0x08007eb4       0x11 c:/dev/tools/gcc-arm-none-eabi-10.3-2021.10/bin/../lib/gcc/arm-none-eabi/10.3.1/../../../../arm-none-eabi/lib/thumb/v7e-m/nofp\libc_nano.a(lib_a-nano-svfprintf.o)
 .rodata.__assert_func.str1.1
                0x08007ec5       0x3c c:/dev/tools/gcc-arm-none-eabi-10.3-2021.10/bin/../lib/gcc/arm-none-eabi/10.3.1/../../../../arm-none-eabi/lib/thumb/v7e-m/nofp\libc_nano.a(lib_a-assert.o)
                                 0x3d (size before relaxing)
 .rodata._vfprintf_r.str1.1
                0x08007f01       0x11 c:/dev/tools/gcc-arm-none-eabi-10.3-2021.10/bin/../lib/gcc/arm-none-eabi/10.3.1/../../../../arm-none-eabi/lib/thumb/v7e-m/nofp\libc_nano.a(lib_a-nano-vfprintf.o)
 *fill*         0x08007f01        0x3 
 .rodata.__sf_fake_stderr
                0x08007f04       0x20 c:/dev/tools/gcc-arm-none-eabi-10.3-2021.10/bin/../lib/gcc/arm-none-eabi/10.3.1/../../../../arm-none-eabi/lib/thumb/v7e-m/nofp\libc_nano.a(lib_a-findfp.o)
                0x08007f04                __sf_fake_stderr
 .rodata.__sf_fake_stdin
                0x08007f24       0x20 c:/dev/tools/gcc-arm-none-eabi-10.3-2021.10/bin/../lib/gcc/arm-none-eabi/10.3.1/../../../../arm-none-eabi/lib/thumb/v7e-m/nofp\libc_nano.a(lib_a-findfp.o)
                0x08007f24                __sf_fake_stdin
 .rodata.__sf_fake_stdout
                0x08007f44       0x20 c:/dev/tools/gcc-arm-none-eabi-10.3-2021.10/bin/../lib/gcc/arm-none-eabi/10.3.1/../../../../arm-none-eabi/lib/thumb/v7e-m/nofp\libc_nano.a(lib_a-findfp.o)
                0x08007f44                __sf_fake_stdout
                0x08007f64                . = ALIGN (0x4)

.ARM.extab      0x08007f64        0x0
                0x08007f64                . = ALIGN (0x4)
 *(.ARM.extab* .gnu.linkonce.armextab.*)
                0x08007f64                . = ALIGN (0x4)

.ARM            0x08007f64        0x8
                0x08007f64                . = ALIGN (0x4)
                0x08007f64                __exidx_start = .
 *(.ARM.exidx*)
 .ARM.exidx     0x08007f64        0x8 c:/dev/tools/gcc-arm-none-eabi-10.3-2021.10/bin/../lib/gcc/arm-none-eabi/10.3.1/thumb/v7e-m/nofp\libgcc.a(_udivmoddi4.o)
                0x08007f6c                __exidx_end = .
                0x08007f6c                . = ALIGN (0x4)

.rel.dyn        0x08007f6c        0x0
 .rel.iplt      0x08007f6c        0x0 c:/dev/tools/gcc-arm-none-eabi-10.3-2021.10/bin/../lib/gcc/arm-none-eabi/10.3.1/thumb/v7e-m/nofp/crtbegin.o

.preinit_array  0x08007f6c        0x0
                0x08007f6c                . = ALIGN (0x4)
                0x08007f6c                PROVIDE (__preinit_array_start = .)
 *(.preinit_array*)
                0x08007f6c                PROVIDE (__preinit_array_end = .)
                0x08007f6c                . = ALIGN (0x4)

.init_array     0x08007f6c        0x4
                0x08007f6c                . = ALIGN (0x4)
                0x08007f6c                PROVIDE (__init_array_start = .)
 *(SORT_BY_NAME(.init_array.*))
 *(.init_array*)
 .init_array    0x08007f6c        0x4 c:/dev/tools/gcc-arm-none-eabi-10.3-2021.10/bin/../lib/gcc/arm-none-eabi/10.3.1/thumb/v7e-m/nofp/crtbegin.o
                0x08007f70                PROVIDE (__init_array_end = .)
                0x08007f70                . = ALIGN (0x4)

.fini_array     0x08007f70        0x4
                0x08007f70                . = ALIGN (0x4)
                [!provide]                PROVIDE (__fini_array_start = .)
 *(SORT_BY_NAME(.fini_array.*))
 *(.fini_array*)
 .fini_array    0x08007f70        0x4 c:/dev/tools/gcc-arm-none-eabi-10.3-2021.10/bin/../lib/gcc/arm-none-eabi/10.3.1/thumb/v7e-m/nofp/crtbegin.o
                [!provide]                PROVIDE (__fini_array_end = .)
                0x08007f74                . = ALIGN (0x4)
                0x08007f74                _sidata = LOADADDR (.data)

.data           0x20000000      0x1e0 load address 0x08007f74
                0x20000000                . = ALIGN (0x4)
                0x20000000                _sdata = .
 *(.data)
 *(.data*)
 .data.SystemCoreClock
                0x20000000        0x4 ./Core/Src/system_stm32f7xx.o
                0x20000000                SystemCoreClock
 .data.uwTickFreq
                0x20000004        0x1 ./Drivers/STM32F7xx_HAL_Driver/stm32f7xx_hal.o
                0x20000004                uwTickFreq
 *fill*         0x20000005        0x3 
 .data.uwTickPrio
                0x20000008        0x4 ./Drivers/STM32F7xx_HAL_Driver/stm32f7xx_hal.o
                0x20000008                uwTickPrio
 .data._impure_ptr
                0x2000000c        0x4 c:/dev/tools/gcc-arm-none-eabi-10.3-2021.10/bin/../lib/gcc/arm-none-eabi/10.3.1/../../../../arm-none-eabi/lib/thumb/v7e-m/nofp\libc_nano.a(lib_a-impure.o)
                0x2000000c                _impure_ptr
 .data.impure_data
                0x20000010       0x60 c:/dev/tools/gcc-arm-none-eabi-10.3-2021.10/bin/../lib/gcc/arm-none-eabi/10.3.1/../../../../arm-none-eabi/lib/thumb/v7e-m/nofp\libc_nano.a(lib_a-impure.o)
 .data.numempty
                0x20000070        0x2 c:/dev/tools/gcc-arm-none-eabi-10.3-2021.10/bin/../lib/gcc/arm-none-eabi/10.3.1/../../../../arm-none-eabi/lib/thumb/v7e-m/nofp\libc_nano.a(lib_a-lnumeric.o)
 *fill*         0x20000072        0x2 
 .data.__global_locale
                0x20000074      0x16c c:/dev/tools/gcc-arm-none-eabi-10.3-2021.10/bin/../lib/gcc/arm-none-eabi/10.3.1/../../../../arm-none-eabi/lib/thumb/v7e-m/nofp\libc_nano.a(lib_a-locale.o)
                0x20000074                __global_locale
 *(.RamFunc)
 *(.RamFunc*)
                0x200001e0                . = ALIGN (0x4)
                0x200001e0                _edata = .

.igot.plt       0x200001e0        0x0 load address 0x08008154
 .igot.plt      0x200001e0        0x0 c:/dev/tools/gcc-arm-none-eabi-10.3-2021.10/bin/../lib/gcc/arm-none-eabi/10.3.1/thumb/v7e-m/nofp/crtbegin.o
                0x200001e0                . = ALIGN (0x4)

.bss            0x200001e0      0x50c load address 0x08008154
                0x200001e0                _sbss = .
                0x200001e0                __bss_start__ = _sbss
 *(.bss)
 .bss           0x200001e0       0x1c c:/dev/tools/gcc-arm-none-eabi-10.3-2021.10/bin/../lib/gcc/arm-none-eabi/10.3.1/thumb/v7e-m/nofp/crtbegin.o
 *(.bss*)
 .bss.MACAddr.0
                0x200001fc        0x6 ./Core/Src/eth.o
 *fill*         0x20000202        0x2 
 .bss.heth      0x20000204       0x48 ./Core/Src/eth.o
                0x20000204                heth
 .bss.__sbrk_heap_end
                0x2000024c        0x4 ./Core/Src/sysmem.o
 .bss.huart3    0x20000250       0x84 ./Core/Src/usart.o
                0x20000250                huart3
 .bss.hpcd_USB_OTG_FS
                0x200002d4      0x404 ./Core/Src/usb_otg.o
                0x200002d4                hpcd_USB_OTG_FS
 .bss.uwTick    0x200006d8        0x4 ./Drivers/STM32F7xx_HAL_Driver/stm32f7xx_hal.o
                0x200006d8                uwTick
 .bss.__malloc_free_list
                0x200006dc        0x4 c:/dev/tools/gcc-arm-none-eabi-10.3-2021.10/bin/../lib/gcc/arm-none-eabi/10.3.1/../../../../arm-none-eabi/lib/thumb/v7e-m/nofp\libc_nano.a(lib_a-nano-mallocr.o)
                0x200006dc                __malloc_free_list
 .bss.__malloc_sbrk_start
                0x200006e0        0x4 c:/dev/tools/gcc-arm-none-eabi-10.3-2021.10/bin/../lib/gcc/arm-none-eabi/10.3.1/../../../../arm-none-eabi/lib/thumb/v7e-m/nofp\libc_nano.a(lib_a-nano-mallocr.o)
                0x200006e0                __malloc_sbrk_start
 .bss.errno     0x200006e4        0x4 c:/dev/tools/gcc-arm-none-eabi-10.3-2021.10/bin/../lib/gcc/arm-none-eabi/10.3.1/../../../../arm-none-eabi/lib/thumb/v7e-m/nofp\libc_nano.a(lib_a-reent.o)
                0x200006e4                errno
 .bss.__lock___malloc_recursive_mutex
                0x200006e8        0x1 c:/dev/tools/gcc-arm-none-eabi-10.3-2021.10/bin/../lib/gcc/arm-none-eabi/10.3.1/../../../../arm-none-eabi/lib/thumb/v7e-m/nofp\libc_nano.a(lib_a-lock.o)
                0x200006e8                __lock___malloc_recursive_mutex
 .bss.__lock___sfp_recursive_mutex
                0x200006e9        0x1 c:/dev/tools/gcc-arm-none-eabi-10.3-2021.10/bin/../lib/gcc/arm-none-eabi/10.3.1/../../../../arm-none-eabi/lib/thumb/v7e-m/nofp\libc_nano.a(lib_a-lock.o)
                0x200006e9                __lock___sfp_recursive_mutex
 .bss.__lock___sinit_recursive_mutex
                0x200006ea        0x1 c:/dev/tools/gcc-arm-none-eabi-10.3-2021.10/bin/../lib/gcc/arm-none-eabi/10.3.1/../../../../arm-none-eabi/lib/thumb/v7e-m/nofp\libc_nano.a(lib_a-lock.o)
                0x200006ea                __lock___sinit_recursive_mutex
 *(COMMON)
                0x200006ec                . = ALIGN (0x4)
 *fill*         0x200006eb        0x1 
                0x200006ec                _ebss = .
                0x200006ec                __bss_end__ = _ebss

._user_heap_stack
                0x200006ec      0x604 load address 0x08008154
                0x200006f0                . = ALIGN (0x8)
 *fill*         0x200006ec        0x4 
                [!provide]                PROVIDE (end = .)
                0x200006f0                PROVIDE (_end = .)
                0x200008f0                . = (. + _Min_Heap_Size)
 *fill*         0x200006f0      0x200 
                0x20000cf0                . = (. + _Min_Stack_Size)
 *fill*         0x200008f0      0x400 
                0x20000cf0                . = ALIGN (0x8)

/DISCARD/
 libc.a(*)
 libm.a(*)
 libgcc.a(*)

.ARM.attributes
                0x00000000       0x2a
 *(.ARM.attributes)
 .ARM.attributes
                0x00000000       0x1e c:/dev/tools/gcc-arm-none-eabi-10.3-2021.10/bin/../lib/gcc/arm-none-eabi/10.3.1/thumb/v7e-m/nofp/crti.o
 .ARM.attributes
                0x0000001e       0x2e c:/dev/tools/gcc-arm-none-eabi-10.3-2021.10/bin/../lib/gcc/arm-none-eabi/10.3.1/thumb/v7e-m/nofp/crtbegin.o
 .ARM.attributes
                0x0000004c       0x2e ./Core/Src/main.o
 .ARM.attributes
                0x0000007a       0x2e ./Core/Src/eth.o
 .ARM.attributes
                0x000000a8       0x2e ./Core/Src/gpio.o
 .ARM.attributes
                0x000000d6       0x2e ./Core/Src/stm32f7xx_hal_msp.o
 .ARM.attributes
                0x00000104       0x2e ./Core/Src/stm32f7xx_it.o
 .ARM.attributes
                0x00000132       0x2e ./Core/Src/syscalls.o
 .ARM.attributes
                0x00000160       0x2e ./Core/Src/sysmem.o
 .ARM.attributes
                0x0000018e       0x2e ./Core/Src/system_stm32f7xx.o
 .ARM.attributes
                0x000001bc       0x2e ./Core/Src/usart.o
 .ARM.attributes
                0x000001ea       0x2e ./Core/Src/usb_otg.o
 .ARM.attributes
                0x00000218       0x21 ./Core/Startup/startup_stm32f767zitx.o
 .ARM.attributes
                0x00000239       0x2e ./Drivers/STM32F7xx_HAL_Driver/stm32f7xx_hal.o
 .ARM.attributes
                0x00000267       0x2e ./Drivers/STM32F7xx_HAL_Driver/stm32f7xx_hal_cortex.o
 .ARM.attributes
                0x00000295       0x2e ./Drivers/STM32F7xx_HAL_Driver/stm32f7xx_hal_eth.o
 .ARM.attributes
                0x000002c3       0x2e ./Drivers/STM32F7xx_HAL_Driver/stm32f7xx_hal_gpio.o
 .ARM.attributes
                0x000002f1       0x2e ./Drivers/STM32F7xx_HAL_Driver/stm32f7xx_hal_pcd.o
 .ARM.attributes
                0x0000031f       0x2e ./Drivers/STM32F7xx_HAL_Driver/stm32f7xx_hal_pcd_ex.o
 .ARM.attributes
                0x0000034d       0x2e ./Drivers/STM32F7xx_HAL_Driver/stm32f7xx_hal_pwr.o
 .ARM.attributes
                0x0000037b       0x2e ./Drivers/STM32F7xx_HAL_Driver/stm32f7xx_hal_rcc.o
 .ARM.attributes
                0x000003a9       0x2e ./Drivers/STM32F7xx_HAL_Driver/stm32f7xx_hal_rcc_ex.o
 .ARM.attributes
                0x000003d7       0x2e ./Drivers/STM32F7xx_HAL_Driver/stm32f7xx_hal_uart.o
 .ARM.attributes
                0x00000405       0x2e ./Drivers/STM32F7xx_HAL_Driver/stm32f7xx_ll_usb.o
 .ARM.attributes
                0x00000433       0x2e c:/dev/tools/gcc-arm-none-eabi-10.3-2021.10/bin/../lib/gcc/arm-none-eabi/10.3.1/../../../../arm-none-eabi/lib/thumb/v7e-m/nofp\libc_nano.a(lib_a-errno.o)
 .ARM.attributes
                0x00000461       0x2e c:/dev/tools/gcc-arm-none-eabi-10.3-2021.10/bin/../lib/gcc/arm-none-eabi/10.3.1/../../../../arm-none-eabi/lib/thumb/v7e-m/nofp\libc_nano.a(lib_a-impure.o)
 .ARM.attributes
                0x0000048f       0x2e c:/dev/tools/gcc-arm-none-eabi-10.3-2021.10/bin/../lib/gcc/arm-none-eabi/10.3.1/../../../../arm-none-eabi/lib/thumb/v7e-m/nofp\libc_nano.a(lib_a-init.o)
 .ARM.attributes
                0x000004bd       0x2e c:/dev/tools/gcc-arm-none-eabi-10.3-2021.10/bin/../lib/gcc/arm-none-eabi/10.3.1/../../../../arm-none-eabi/lib/thumb/v7e-m/nofp\libc_nano.a(lib_a-memset.o)
 .ARM.attributes
                0x000004eb       0x2e c:/dev/tools/gcc-arm-none-eabi-10.3-2021.10/bin/../lib/gcc/arm-none-eabi/10.3.1/../../../../arm-none-eabi/lib/thumb/v7e-m/nofp\libc_nano.a(lib_a-nano-vfprintf_float.o)
 .ARM.attributes
                0x00000519       0x2e c:/dev/tools/gcc-arm-none-eabi-10.3-2021.10/bin/../lib/gcc/arm-none-eabi/10.3.1/../../../../arm-none-eabi/lib/thumb/v7e-m/nofp\libc_nano.a(lib_a-nano-vfprintf_i.o)
 .ARM.attributes
                0x00000547       0x2e c:/dev/tools/gcc-arm-none-eabi-10.3-2021.10/bin/../lib/gcc/arm-none-eabi/10.3.1/../../../../arm-none-eabi/lib/thumb/v7e-m/nofp\libc_nano.a(lib_a-nano-vfscanf_float.o)
 .ARM.attributes
                0x00000575       0x2e c:/dev/tools/gcc-arm-none-eabi-10.3-2021.10/bin/../lib/gcc/arm-none-eabi/10.3.1/../../../../arm-none-eabi/lib/thumb/v7e-m/nofp\libc_nano.a(lib_a-sf_nan.o)
 .ARM.attributes
                0x000005a3       0x2e c:/dev/tools/gcc-arm-none-eabi-10.3-2021.10/bin/../lib/gcc/arm-none-eabi/10.3.1/../../../../arm-none-eabi/lib/thumb/v7e-m/nofp\libc_nano.a(lib_a-sprintf.o)
 .ARM.attributes
                0x000005d1       0x17 c:/dev/tools/gcc-arm-none-eabi-10.3-2021.10/bin/../lib/gcc/arm-none-eabi/10.3.1/../../../../arm-none-eabi/lib/thumb/v7e-m/nofp\libc_nano.a(lib_a-strlen.o)
 .ARM.attributes
                0x000005e8       0x2e c:/dev/tools/gcc-arm-none-eabi-10.3-2021.10/bin/../lib/gcc/arm-none-eabi/10.3.1/../../../../arm-none-eabi/lib/thumb/v7e-m/nofp\libc_nano.a(lib_a-strtod.o)
 .ARM.attributes
                0x00000616       0x2e c:/dev/tools/gcc-arm-none-eabi-10.3-2021.10/bin/../lib/gcc/arm-none-eabi/10.3.1/../../../../arm-none-eabi/lib/thumb/v7e-m/nofp\libc_nano.a(lib_a-strtol.o)
 .ARM.attributes
                0x00000644       0x2e c:/dev/tools/gcc-arm-none-eabi-10.3-2021.10/bin/../lib/gcc/arm-none-eabi/10.3.1/../../../../arm-none-eabi/lib/thumb/v7e-m/nofp\libc_nano.a(lib_a-ctype_.o)
 .ARM.attributes
                0x00000672       0x2e c:/dev/tools/gcc-arm-none-eabi-10.3-2021.10/bin/../lib/gcc/arm-none-eabi/10.3.1/../../../../arm-none-eabi/lib/thumb/v7e-m/nofp\libc_nano.a(lib_a-dtoa.o)
 .ARM.attributes
                0x000006a0       0x2e c:/dev/tools/gcc-arm-none-eabi-10.3-2021.10/bin/../lib/gcc/arm-none-eabi/10.3.1/../../../../arm-none-eabi/lib/thumb/v7e-m/nofp\libc_nano.a(lib_a-gdtoa-gethex.o)
 .ARM.attributes
                0x000006ce       0x2e c:/dev/tools/gcc-arm-none-eabi-10.3-2021.10/bin/../lib/gcc/arm-none-eabi/10.3.1/../../../../arm-none-eabi/lib/thumb/v7e-m/nofp\libc_nano.a(lib_a-gdtoa-hexnan.o)
 .ARM.attributes
                0x000006fc       0x2e c:/dev/tools/gcc-arm-none-eabi-10.3-2021.10/bin/../lib/gcc/arm-none-eabi/10.3.1/../../../../arm-none-eabi/lib/thumb/v7e-m/nofp\libc_nano.a(lib_a-lnumeric.o)
 .ARM.attributes
                0x0000072a       0x2e c:/dev/tools/gcc-arm-none-eabi-10.3-2021.10/bin/../lib/gcc/arm-none-eabi/10.3.1/../../../../arm-none-eabi/lib/thumb/v7e-m/nofp\libc_nano.a(lib_a-locale.o)
 .ARM.attributes
                0x00000758       0x2e c:/dev/tools/gcc-arm-none-eabi-10.3-2021.10/bin/../lib/gcc/arm-none-eabi/10.3.1/../../../../arm-none-eabi/lib/thumb/v7e-m/nofp\libc_nano.a(lib_a-localeconv.o)
 .ARM.attributes
                0x00000786       0x2e c:/dev/tools/gcc-arm-none-eabi-10.3-2021.10/bin/../lib/gcc/arm-none-eabi/10.3.1/../../../../arm-none-eabi/lib/thumb/v7e-m/nofp\libc_nano.a(lib_a-malloc.o)
 .ARM.attributes
                0x000007b4       0x2e c:/dev/tools/gcc-arm-none-eabi-10.3-2021.10/bin/../lib/gcc/arm-none-eabi/10.3.1/../../../../arm-none-eabi/lib/thumb/v7e-m/nofp\libc_nano.a(lib_a-mbtowc_r.o)
 .ARM.attributes
                0x000007e2       0x1c c:/dev/tools/gcc-arm-none-eabi-10.3-2021.10/bin/../lib/gcc/arm-none-eabi/10.3.1/../../../../arm-none-eabi/lib/thumb/v7e-m/nofp\libc_nano.a(lib_a-memchr.o)
 .ARM.attributes
                0x000007fe       0x2e c:/dev/tools/gcc-arm-none-eabi-10.3-2021.10/bin/../lib/gcc/arm-none-eabi/10.3.1/../../../../arm-none-eabi/lib/thumb/v7e-m/nofp\libc_nano.a(lib_a-memcpy-stub.o)
 .ARM.attributes
                0x0000082c       0x2e c:/dev/tools/gcc-arm-none-eabi-10.3-2021.10/bin/../lib/gcc/arm-none-eabi/10.3.1/../../../../arm-none-eabi/lib/thumb/v7e-m/nofp\libc_nano.a(lib_a-mprec.o)
 .ARM.attributes
                0x0000085a       0x2e c:/dev/tools/gcc-arm-none-eabi-10.3-2021.10/bin/../lib/gcc/arm-none-eabi/10.3.1/../../../../arm-none-eabi/lib/thumb/v7e-m/nofp\libc_nano.a(lib_a-nano-callocr.o)
 .ARM.attributes
                0x00000888       0x2e c:/dev/tools/gcc-arm-none-eabi-10.3-2021.10/bin/../lib/gcc/arm-none-eabi/10.3.1/../../../../arm-none-eabi/lib/thumb/v7e-m/nofp\libc_nano.a(lib_a-nano-freer.o)
 .ARM.attributes
                0x000008b6       0x2e c:/dev/tools/gcc-arm-none-eabi-10.3-2021.10/bin/../lib/gcc/arm-none-eabi/10.3.1/../../../../arm-none-eabi/lib/thumb/v7e-m/nofp\libc_nano.a(lib_a-nano-mallocr.o)
 .ARM.attributes
                0x000008e4       0x2e c:/dev/tools/gcc-arm-none-eabi-10.3-2021.10/bin/../lib/gcc/arm-none-eabi/10.3.1/../../../../arm-none-eabi/lib/thumb/v7e-m/nofp\libc_nano.a(lib_a-nano-svfprintf.o)
 .ARM.attributes
                0x00000912       0x2e c:/dev/tools/gcc-arm-none-eabi-10.3-2021.10/bin/../lib/gcc/arm-none-eabi/10.3.1/../../../../arm-none-eabi/lib/thumb/v7e-m/nofp\libc_nano.a(lib_a-s_nan.o)
 .ARM.attributes
                0x00000940       0x2e c:/dev/tools/gcc-arm-none-eabi-10.3-2021.10/bin/../lib/gcc/arm-none-eabi/10.3.1/../../../../arm-none-eabi/lib/thumb/v7e-m/nofp\libc_nano.a(lib_a-sbrkr.o)
 .ARM.attributes
                0x0000096e       0x2e c:/dev/tools/gcc-arm-none-eabi-10.3-2021.10/bin/../lib/gcc/arm-none-eabi/10.3.1/../../../../arm-none-eabi/lib/thumb/v7e-m/nofp\libc_nano.a(lib_a-strncmp.o)
 .ARM.attributes
                0x0000099c       0x2e c:/dev/tools/gcc-arm-none-eabi-10.3-2021.10/bin/../lib/gcc/arm-none-eabi/10.3.1/../../../../arm-none-eabi/lib/thumb/v7e-m/nofp\libc_nano.a(lib_a-wctomb_r.o)
 .ARM.attributes
                0x000009ca       0x2e c:/dev/tools/gcc-arm-none-eabi-10.3-2021.10/bin/../lib/gcc/arm-none-eabi/10.3.1/../../../../arm-none-eabi/lib/thumb/v7e-m/nofp\libc_nano.a(lib_a-assert.o)
 .ARM.attributes
                0x000009f8       0x2e c:/dev/tools/gcc-arm-none-eabi-10.3-2021.10/bin/../lib/gcc/arm-none-eabi/10.3.1/../../../../arm-none-eabi/lib/thumb/v7e-m/nofp\libc_nano.a(lib_a-fprintf.o)
 .ARM.attributes
                0x00000a26       0x2e c:/dev/tools/gcc-arm-none-eabi-10.3-2021.10/bin/../lib/gcc/arm-none-eabi/10.3.1/../../../../arm-none-eabi/lib/thumb/v7e-m/nofp\libc_nano.a(lib_a-memmove.o)
 .ARM.attributes
                0x00000a54       0x2e c:/dev/tools/gcc-arm-none-eabi-10.3-2021.10/bin/../lib/gcc/arm-none-eabi/10.3.1/../../../../arm-none-eabi/lib/thumb/v7e-m/nofp\libc_nano.a(lib_a-mlock.o)
 .ARM.attributes
                0x00000a82       0x2e c:/dev/tools/gcc-arm-none-eabi-10.3-2021.10/bin/../lib/gcc/arm-none-eabi/10.3.1/../../../../arm-none-eabi/lib/thumb/v7e-m/nofp\libc_nano.a(lib_a-nano-reallocr.o)
 .ARM.attributes
                0x00000ab0       0x2e c:/dev/tools/gcc-arm-none-eabi-10.3-2021.10/bin/../lib/gcc/arm-none-eabi/10.3.1/../../../../arm-none-eabi/lib/thumb/v7e-m/nofp\libc_nano.a(lib_a-nano-vfprintf.o)
 .ARM.attributes
                0x00000ade       0x2e c:/dev/tools/gcc-arm-none-eabi-10.3-2021.10/bin/../lib/gcc/arm-none-eabi/10.3.1/../../../../arm-none-eabi/lib/thumb/v7e-m/nofp\libc_nano.a(lib_a-reent.o)
 .ARM.attributes
                0x00000b0c       0x2e c:/dev/tools/gcc-arm-none-eabi-10.3-2021.10/bin/../lib/gcc/arm-none-eabi/10.3.1/../../../../arm-none-eabi/lib/thumb/v7e-m/nofp\libc_nano.a(lib_a-wbuf.o)
 .ARM.attributes
                0x00000b3a       0x2e c:/dev/tools/gcc-arm-none-eabi-10.3-2021.10/bin/../lib/gcc/arm-none-eabi/10.3.1/../../../../arm-none-eabi/lib/thumb/v7e-m/nofp\libc_nano.a(lib_a-wsetup.o)
 .ARM.attributes
                0x00000b68       0x2e c:/dev/tools/gcc-arm-none-eabi-10.3-2021.10/bin/../lib/gcc/arm-none-eabi/10.3.1/../../../../arm-none-eabi/lib/thumb/v7e-m/nofp\libc_nano.a(lib_a-abort.o)
 .ARM.attributes
                0x00000b96       0x2e c:/dev/tools/gcc-arm-none-eabi-10.3-2021.10/bin/../lib/gcc/arm-none-eabi/10.3.1/../../../../arm-none-eabi/lib/thumb/v7e-m/nofp\libc_nano.a(lib_a-fflush.o)
 .ARM.attributes
                0x00000bc4       0x2e c:/dev/tools/gcc-arm-none-eabi-10.3-2021.10/bin/../lib/gcc/arm-none-eabi/10.3.1/../../../../arm-none-eabi/lib/thumb/v7e-m/nofp\libc_nano.a(lib_a-findfp.o)
 .ARM.attributes
                0x00000bf2       0x2e c:/dev/tools/gcc-arm-none-eabi-10.3-2021.10/bin/../lib/gcc/arm-none-eabi/10.3.1/../../../../arm-none-eabi/lib/thumb/v7e-m/nofp\libc_nano.a(lib_a-fwalk.o)
 .ARM.attributes
                0x00000c20       0x2e c:/dev/tools/gcc-arm-none-eabi-10.3-2021.10/bin/../lib/gcc/arm-none-eabi/10.3.1/../../../../arm-none-eabi/lib/thumb/v7e-m/nofp\libc_nano.a(lib_a-lock.o)
 .ARM.attributes
                0x00000c4e       0x2e c:/dev/tools/gcc-arm-none-eabi-10.3-2021.10/bin/../lib/gcc/arm-none-eabi/10.3.1/../../../../arm-none-eabi/lib/thumb/v7e-m/nofp\libc_nano.a(lib_a-makebuf.o)
 .ARM.attributes
                0x00000c7c       0x2e c:/dev/tools/gcc-arm-none-eabi-10.3-2021.10/bin/../lib/gcc/arm-none-eabi/10.3.1/../../../../arm-none-eabi/lib/thumb/v7e-m/nofp\libc_nano.a(lib_a-nano-msizer.o)
 .ARM.attributes
                0x00000caa       0x2e c:/dev/tools/gcc-arm-none-eabi-10.3-2021.10/bin/../lib/gcc/arm-none-eabi/10.3.1/../../../../arm-none-eabi/lib/thumb/v7e-m/nofp\libc_nano.a(lib_a-signal.o)
 .ARM.attributes
                0x00000cd8       0x2e c:/dev/tools/gcc-arm-none-eabi-10.3-2021.10/bin/../lib/gcc/arm-none-eabi/10.3.1/../../../../arm-none-eabi/lib/thumb/v7e-m/nofp\libc_nano.a(lib_a-signalr.o)
 .ARM.attributes
                0x00000d06       0x2e c:/dev/tools/gcc-arm-none-eabi-10.3-2021.10/bin/../lib/gcc/arm-none-eabi/10.3.1/../../../../arm-none-eabi/lib/thumb/v7e-m/nofp\libc_nano.a(lib_a-stdio.o)
 .ARM.attributes
                0x00000d34       0x2e c:/dev/tools/gcc-arm-none-eabi-10.3-2021.10/bin/../lib/gcc/arm-none-eabi/10.3.1/../../../../arm-none-eabi/lib/thumb/v7e-m/nofp\libc_nano.a(lib_a-writer.o)
 .ARM.attributes
                0x00000d62       0x2e c:/dev/tools/gcc-arm-none-eabi-10.3-2021.10/bin/../lib/gcc/arm-none-eabi/10.3.1/../../../../arm-none-eabi/lib/thumb/v7e-m/nofp\libc_nano.a(lib_a-closer.o)
 .ARM.attributes
                0x00000d90       0x2e c:/dev/tools/gcc-arm-none-eabi-10.3-2021.10/bin/../lib/gcc/arm-none-eabi/10.3.1/../../../../arm-none-eabi/lib/thumb/v7e-m/nofp\libc_nano.a(lib_a-fstatr.o)
 .ARM.attributes
                0x00000dbe       0x2e c:/dev/tools/gcc-arm-none-eabi-10.3-2021.10/bin/../lib/gcc/arm-none-eabi/10.3.1/../../../../arm-none-eabi/lib/thumb/v7e-m/nofp\libc_nano.a(lib_a-isattyr.o)
 .ARM.attributes
                0x00000dec       0x2e c:/dev/tools/gcc-arm-none-eabi-10.3-2021.10/bin/../lib/gcc/arm-none-eabi/10.3.1/../../../../arm-none-eabi/lib/thumb/v7e-m/nofp\libc_nano.a(lib_a-lseekr.o)
 .ARM.attributes
                0x00000e1a       0x2e c:/dev/tools/gcc-arm-none-eabi-10.3-2021.10/bin/../lib/gcc/arm-none-eabi/10.3.1/../../../../arm-none-eabi/lib/thumb/v7e-m/nofp\libc_nano.a(lib_a-readr.o)
 .ARM.attributes
                0x00000e48       0x1e c:/dev/tools/gcc-arm-none-eabi-10.3-2021.10/bin/../lib/gcc/arm-none-eabi/10.3.1/thumb/v7e-m/nofp\libgcc.a(_arm_addsubdf3.o)
 .ARM.attributes
                0x00000e66       0x1e c:/dev/tools/gcc-arm-none-eabi-10.3-2021.10/bin/../lib/gcc/arm-none-eabi/10.3.1/thumb/v7e-m/nofp\libgcc.a(_arm_muldivdf3.o)
 .ARM.attributes
                0x00000e84       0x1e c:/dev/tools/gcc-arm-none-eabi-10.3-2021.10/bin/../lib/gcc/arm-none-eabi/10.3.1/thumb/v7e-m/nofp\libgcc.a(_arm_cmpdf2.o)
 .ARM.attributes
                0x00000ea2       0x1e c:/dev/tools/gcc-arm-none-eabi-10.3-2021.10/bin/../lib/gcc/arm-none-eabi/10.3.1/thumb/v7e-m/nofp\libgcc.a(_arm_unorddf2.o)
 .ARM.attributes
                0x00000ec0       0x1e c:/dev/tools/gcc-arm-none-eabi-10.3-2021.10/bin/../lib/gcc/arm-none-eabi/10.3.1/thumb/v7e-m/nofp\libgcc.a(_arm_fixdfsi.o)
 .ARM.attributes
                0x00000ede       0x1e c:/dev/tools/gcc-arm-none-eabi-10.3-2021.10/bin/../lib/gcc/arm-none-eabi/10.3.1/thumb/v7e-m/nofp\libgcc.a(_arm_fixunsdfsi.o)
 .ARM.attributes
                0x00000efc       0x1e c:/dev/tools/gcc-arm-none-eabi-10.3-2021.10/bin/../lib/gcc/arm-none-eabi/10.3.1/thumb/v7e-m/nofp\libgcc.a(_arm_truncdfsf2.o)
 .ARM.attributes
                0x00000f1a       0x1e c:/dev/tools/gcc-arm-none-eabi-10.3-2021.10/bin/../lib/gcc/arm-none-eabi/10.3.1/thumb/v7e-m/nofp\libgcc.a(_aeabi_uldivmod.o)
 .ARM.attributes
                0x00000f38       0x2e c:/dev/tools/gcc-arm-none-eabi-10.3-2021.10/bin/../lib/gcc/arm-none-eabi/10.3.1/thumb/v7e-m/nofp\libgcc.a(_fixdfdi.o)
 .ARM.attributes
                0x00000f66       0x2e c:/dev/tools/gcc-arm-none-eabi-10.3-2021.10/bin/../lib/gcc/arm-none-eabi/10.3.1/thumb/v7e-m/nofp\libgcc.a(_fixunsdfdi.o)
 .ARM.attributes
                0x00000f94       0x2e c:/dev/tools/gcc-arm-none-eabi-10.3-2021.10/bin/../lib/gcc/arm-none-eabi/10.3.1/thumb/v7e-m/nofp\libgcc.a(_udivmoddi4.o)
 .ARM.attributes
                0x00000fc2       0x1e c:/dev/tools/gcc-arm-none-eabi-10.3-2021.10/bin/../lib/gcc/arm-none-eabi/10.3.1/thumb/v7e-m/nofp\libgcc.a(_dvmd_tls.o)
 .ARM.attributes
                0x00000fe0       0x1e c:/dev/tools/gcc-arm-none-eabi-10.3-2021.10/bin/../lib/gcc/arm-none-eabi/10.3.1/thumb/v7e-m/nofp/crtn.o
OUTPUT(maketest.elf elf32-littlearm)
LOAD linker stubs
LOAD c:/dev/tools/gcc-arm-none-eabi-10.3-2021.10/bin/../lib/gcc/arm-none-eabi/10.3.1/../../../../arm-none-eabi/lib/thumb/v7e-m/nofp\libc.a
LOAD c:/dev/tools/gcc-arm-none-eabi-10.3-2021.10/bin/../lib/gcc/arm-none-eabi/10.3.1/../../../../arm-none-eabi/lib/thumb/v7e-m/nofp\libm.a
LOAD c:/dev/tools/gcc-arm-none-eabi-10.3-2021.10/bin/../lib/gcc/arm-none-eabi/10.3.1/thumb/v7e-m/nofp\libgcc.a

.debug_info     0x00000000    0x107b3
 .debug_info    0x00000000      0x76a ./Core/Src/main.o
 .debug_info    0x0000076a      0xdc1 ./Core/Src/eth.o
 .debug_info    0x0000152b      0x573 ./Core/Src/gpio.o
 .debug_info    0x00001a9e      0x2ce ./Core/Src/stm32f7xx_hal_msp.o
 .debug_info    0x00001d6c      0x125 ./Core/Src/stm32f7xx_it.o
 .debug_info    0x00001e91      0x7e6 ./Core/Src/syscalls.o
 .debug_info    0x00002677      0x178 ./Core/Src/sysmem.o
 .debug_info    0x000027ef      0x3ab ./Core/Src/system_stm32f7xx.o
 .debug_info    0x00002b9a      0xd8e ./Core/Src/usart.o
 .debug_info    0x00003928      0xd0c ./Core/Src/usb_otg.o
 .debug_info    0x00004634       0x22 ./Core/Startup/startup_stm32f767zitx.o
 .debug_info    0x00004656      0xba3 ./Drivers/STM32F7xx_HAL_Driver/stm32f7xx_hal.o
 .debug_info    0x000051f9     0x1307 ./Drivers/STM32F7xx_HAL_Driver/stm32f7xx_hal_cortex.o
 .debug_info    0x00006500     0x1a92 ./Drivers/STM32F7xx_HAL_Driver/stm32f7xx_hal_eth.o
 .debug_info    0x00007f92      0x7e8 ./Drivers/STM32F7xx_HAL_Driver/stm32f7xx_hal_gpio.o
 .debug_info    0x0000877a     0x1987 ./Drivers/STM32F7xx_HAL_Driver/stm32f7xx_hal_pcd.o
 .debug_info    0x0000a101      0x7eb ./Drivers/STM32F7xx_HAL_Driver/stm32f7xx_hal_pcd_ex.o
 .debug_info    0x0000a8ec      0x99e ./Drivers/STM32F7xx_HAL_Driver/stm32f7xx_hal_pwr.o
 .debug_info    0x0000b28a      0xc8c ./Drivers/STM32F7xx_HAL_Driver/stm32f7xx_hal_rcc.o
 .debug_info    0x0000bf16      0x8c0 ./Drivers/STM32F7xx_HAL_Driver/stm32f7xx_hal_rcc_ex.o
 .debug_info    0x0000c7d6     0x2061 ./Drivers/STM32F7xx_HAL_Driver/stm32f7xx_hal_uart.o
 .debug_info    0x0000e837     0x1f7c ./Drivers/STM32F7xx_HAL_Driver/stm32f7xx_ll_usb.o

.debug_abbrev   0x00000000     0x2d4f
 .debug_abbrev  0x00000000      0x1fe ./Core/Src/main.o
 .debug_abbrev  0x000001fe      0x215 ./Core/Src/eth.o
 .debug_abbrev  0x00000413      0x16b ./Core/Src/gpio.o
 .debug_abbrev  0x0000057e       0xd2 ./Core/Src/stm32f7xx_hal_msp.o
 .debug_abbrev  0x00000650       0xb8 ./Core/Src/stm32f7xx_it.o
 .debug_abbrev  0x00000708      0x1e7 ./Core/Src/syscalls.o
 .debug_abbrev  0x000008ef       0xea ./Core/Src/sysmem.o
 .debug_abbrev  0x000009d9      0x11c ./Core/Src/system_stm32f7xx.o
 .debug_abbrev  0x00000af5      0x201 ./Core/Src/usart.o
 .debug_abbrev  0x00000cf6      0x234 ./Core/Src/usb_otg.o
 .debug_abbrev  0x00000f2a       0x12 ./Core/Startup/startup_stm32f767zitx.o
 .debug_abbrev  0x00000f3c      0x26b ./Drivers/STM32F7xx_HAL_Driver/stm32f7xx_hal.o
 .debug_abbrev  0x000011a7      0x372 ./Drivers/STM32F7xx_HAL_Driver/stm32f7xx_hal_cortex.o
 .debug_abbrev  0x00001519      0x35a ./Drivers/STM32F7xx_HAL_Driver/stm32f7xx_hal_eth.o
 .debug_abbrev  0x00001873      0x1f0 ./Drivers/STM32F7xx_HAL_Driver/stm32f7xx_hal_gpio.o
 .debug_abbrev  0x00001a63      0x37b ./Drivers/STM32F7xx_HAL_Driver/stm32f7xx_hal_pcd.o
 .debug_abbrev  0x00001dde      0x1ed ./Drivers/STM32F7xx_HAL_Driver/stm32f7xx_hal_pcd_ex.o
 .debug_abbrev  0x00001fcb      0x1c5 ./Drivers/STM32F7xx_HAL_Driver/stm32f7xx_hal_pwr.o
 .debug_abbrev  0x00002190      0x31f ./Drivers/STM32F7xx_HAL_Driver/stm32f7xx_hal_rcc.o
 .debug_abbrev  0x000024af      0x1d4 ./Drivers/STM32F7xx_HAL_Driver/stm32f7xx_hal_rcc_ex.o
 .debug_abbrev  0x00002683      0x31d ./Drivers/STM32F7xx_HAL_Driver/stm32f7xx_hal_uart.o
 .debug_abbrev  0x000029a0      0x3af ./Drivers/STM32F7xx_HAL_Driver/stm32f7xx_ll_usb.o

.debug_aranges  0x00000000      0xb00
 .debug_aranges
                0x00000000       0x30 ./Core/Src/main.o
 .debug_aranges
                0x00000030       0x30 ./Core/Src/eth.o
 .debug_aranges
                0x00000060       0x20 ./Core/Src/gpio.o
 .debug_aranges
                0x00000080       0x20 ./Core/Src/stm32f7xx_hal_msp.o
 .debug_aranges
                0x000000a0       0x50 ./Core/Src/stm32f7xx_it.o
 .debug_aranges
                0x000000f0       0xa8 ./Core/Src/syscalls.o
 .debug_aranges
                0x00000198       0x20 ./Core/Src/sysmem.o
 .debug_aranges
                0x000001b8       0x28 ./Core/Src/system_stm32f7xx.o
 .debug_aranges
                0x000001e0       0x30 ./Core/Src/usart.o
 .debug_aranges
                0x00000210       0x30 ./Core/Src/usb_otg.o
 .debug_aranges
                0x00000240       0x28 ./Core/Startup/startup_stm32f767zitx.o
 .debug_aranges
                0x00000268      0x108 ./Drivers/STM32F7xx_HAL_Driver/stm32f7xx_hal.o
 .debug_aranges
                0x00000370       0xa8 ./Drivers/STM32F7xx_HAL_Driver/stm32f7xx_hal_cortex.o
 .debug_aranges
                0x00000418       0xa8 ./Drivers/STM32F7xx_HAL_Driver/stm32f7xx_hal_eth.o
 .debug_aranges
                0x000004c0       0x58 ./Drivers/STM32F7xx_HAL_Driver/stm32f7xx_hal_gpio.o
 .debug_aranges
                0x00000518       0xc8 ./Drivers/STM32F7xx_HAL_Driver/stm32f7xx_hal_pcd.o
 .debug_aranges
                0x000005e0       0x40 ./Drivers/STM32F7xx_HAL_Driver/stm32f7xx_hal_pcd_ex.o
 .debug_aranges
                0x00000620       0xa0 ./Drivers/STM32F7xx_HAL_Driver/stm32f7xx_hal_pwr.o
 .debug_aranges
                0x000006c0       0x88 ./Drivers/STM32F7xx_HAL_Driver/stm32f7xx_hal_rcc.o
 .debug_aranges
                0x00000748       0x50 ./Drivers/STM32F7xx_HAL_Driver/stm32f7xx_hal_rcc_ex.o
 .debug_aranges
                0x00000798      0x1d0 ./Drivers/STM32F7xx_HAL_Driver/stm32f7xx_hal_uart.o
 .debug_aranges
                0x00000968      0x198 ./Drivers/STM32F7xx_HAL_Driver/stm32f7xx_ll_usb.o

.debug_ranges   0x00000000      0xd78
 .debug_ranges  0x00000000       0x90 ./Core/Src/main.o
 .debug_ranges  0x00000090       0x40 ./Core/Src/eth.o
 .debug_ranges  0x000000d0       0x48 ./Core/Src/gpio.o
 .debug_ranges  0x00000118       0x28 ./Core/Src/stm32f7xx_hal_msp.o
 .debug_ranges  0x00000140       0x40 ./Core/Src/stm32f7xx_it.o
 .debug_ranges  0x00000180       0xb0 ./Core/Src/syscalls.o
 .debug_ranges  0x00000230       0x10 ./Core/Src/sysmem.o
 .debug_ranges  0x00000240       0x18 ./Core/Src/system_stm32f7xx.o
 .debug_ranges  0x00000258       0x50 ./Core/Src/usart.o
 .debug_ranges  0x000002a8       0x40 ./Core/Src/usb_otg.o
 .debug_ranges  0x000002e8       0x20 ./Core/Startup/startup_stm32f767zitx.o
 .debug_ranges  0x00000308       0xf8 ./Drivers/STM32F7xx_HAL_Driver/stm32f7xx_hal.o
 .debug_ranges  0x00000400      0x158 ./Drivers/STM32F7xx_HAL_Driver/stm32f7xx_hal_cortex.o
 .debug_ranges  0x00000558      0x160 ./Drivers/STM32F7xx_HAL_Driver/stm32f7xx_hal_eth.o
 .debug_ranges  0x000006b8       0x70 ./Drivers/STM32F7xx_HAL_Driver/stm32f7xx_hal_gpio.o
 .debug_ranges  0x00000728       0xe8 ./Drivers/STM32F7xx_HAL_Driver/stm32f7xx_hal_pcd.o
 .debug_ranges  0x00000810       0x30 ./Drivers/STM32F7xx_HAL_Driver/stm32f7xx_hal_pcd_ex.o
 .debug_ranges  0x00000840       0x90 ./Drivers/STM32F7xx_HAL_Driver/stm32f7xx_hal_pwr.o
 .debug_ranges  0x000008d0       0xe8 ./Drivers/STM32F7xx_HAL_Driver/stm32f7xx_hal_rcc.o
 .debug_ranges  0x000009b8       0x58 ./Drivers/STM32F7xx_HAL_Driver/stm32f7xx_hal_rcc_ex.o
 .debug_ranges  0x00000a10      0x1c0 ./Drivers/STM32F7xx_HAL_Driver/stm32f7xx_hal_uart.o